#-----------------------------------------------------------
# Vivado v2024.1 (64-bit)
# SW Build 5076996 on Wed May 22 18:37:14 MDT 2024
# IP Build 5075265 on Wed May 22 21:45:21 MDT 2024
# SharedData Build 5076995 on Wed May 22 18:29:18 MDT 2024
# Start of session at: Mon Apr 27 22:18:43 2026
# Process ID: 19472
# Current directory: C:/Users/ratul/ES4F3/ES4F3/Zybo-Z7-20-pcam-filter/pcam_filter.runs/system_multipix_ctrl_0_0_synth_1
# Command line: vivado.exe -log system_multipix_ctrl_0_0.vds -product Vivado -mode batch -messageDb vivado.pb -notrace -source system_multipix_ctrl_0_0.tcl
# Log file: C:/Users/ratul/ES4F3/ES4F3/Zybo-Z7-20-pcam-filter/pcam_filter.runs/system_multipix_ctrl_0_0_synth_1/system_multipix_ctrl_0_0.vds
# Journal file: C:/Users/ratul/ES4F3/ES4F3/Zybo-Z7-20-pcam-filter/pcam_filter.runs/system_multipix_ctrl_0_0_synth_1\vivado.jou
# Running On        :LAPTOP-AMKTF75G
# Platform          :Windows Server 2016 or Windows 10
# Operating System  :19045
# Processor Detail  :AMD Ryzen 5 3500U with Radeon Vega Mobile Gfx  
# CPU Frequency     :2096 MHz
# CPU Physical cores:4
# CPU Logical cores :8
# Host memory       :6387 MB
# Swap memory       :19327 MB
# Total Virtual     :25714 MB
# Available Virtual :4815 MB
#-----------------------------------------------------------
source system_multipix_ctrl_0_0.tcl -notrace
