Nothing to build in platform 'system_wrapper'

21:21:32 **** Incremental Build of configuration Debug for project camera ****
make all 
make --no-print-directory pre-build
a9-linaro-pre-build-step
' '
make --no-print-directory main-build
'Building file: ../src/ov5640/OV5640.cpp'
'Invoking: ARM v7 g++ compiler'
arm-none-eabi-g++ -Wall -O0 -g3 -c -fmessage-length=0 -MT"src/ov5640/OV5640.o" -mcpu=cortex-a9 -mfpu=vfpv3 -mfloat-abi=hard -IC:/Users/ratul/ES4F3/ES4F3/vitis/system_wrapper/export/system_wrapper/sw/system_wrapper/standalone_ps7_cortexa9_0/bspinclude/include -MMD -MP -MF"src/ov5640/OV5640.d" -MT"src/ov5640/OV5640.o" -o "src/ov5640/OV5640.o" "../src/ov5640/OV5640.cpp"
'Finished building: ../src/ov5640/OV5640.cpp'
' '
'Building file: ../src/main_test.cc'
'Invoking: ARM v7 g++ compiler'
arm-none-eabi-g++ -Wall -O0 -g3 -c -fmessage-length=0 -MT"src/main_test.o" -mcpu=cortex-a9 -mfpu=vfpv3 -mfloat-abi=hard -IC:/Users/ratul/ES4F3/ES4F3/vitis/system_wrapper/export/system_wrapper/sw/system_wrapper/standalone_ps7_cortexa9_0/bspinclude/include -MMD -MP -MF"src/main_test.d" -MT"src/main_test.o" -o "src/main_test.o" "../src/main_test.cc"
'Finished building: ../src/main_test.cc'
' '
'Building target: camera.elf'
'Invoking: ARM v7 g++ linker'
arm-none-eabi-g++ -mcpu=cortex-a9 -mfpu=vfpv3 -mfloat-abi=hard -Wl,-build-id=none -specs=Xilinx.spec -Wl,-T -Wl,../src/lscript.ld -LC:/Users/ratul/ES4F3/ES4F3/vitis/system_wrapper/export/system_wrapper/sw/system_wrapper/standalone_ps7_cortexa9_0/bsplib/lib -o "camera.elf"  ./src/ov5640/OV5640.o  ./src/main_test.o   -Wl,--start-group,-lxil,-lgcc,-lc,-lstdc++,--end-group
'Finished building target: camera.elf'
' '
'Invoking: ARM v7 Print Size'
arm-none-eabi-size camera.elf  |tee "camera.elf.size"
   text	   data	    bss	    dec	    hex	filename
 643668	   3912	  29152	 676732	  a537c	camera.elf
'Finished building: camera.elf.size'
' '
21:21:49 **** Incremental Build of configuration Debug for project camera_system ****
make all 
Generating bif file for the system project
generate_system_bif.bat 62652 C:/Users/ratul/ES4F3/ES4F3/vitis/system_wrapper/export/system_wrapper/system_wrapper.xpfm standalone_ps7_cortexa9_0 C:/Users/ratul/ES4F3/ES4F3/vitis/camera_system/Debug/system.bif
'\gnu\microblaze\lin\bin\' is not recognized as an internal or external command,
operable program or batch file.
'\gnu\microblaze\nt\bin\' is not recognized as an internal or external command,
operable program or batch file.
'\gnuwin\bin\' is not recognized as an internal or external command,
operable program or batch file.
sdcard_gen --xpfm C:/Users/ratul/ES4F3/ES4F3/vitis/system_wrapper/export/system_wrapper/system_wrapper.xpfm --sys_config system_wrapper --bif C:/Users/ratul/ES4F3/ES4F3/vitis/camera_system/Debug/system.bif --bitstream C:/Users/ratul/ES4F3/ES4F3/vitis/camera/_ide/bitstream/system_wrapper.bit --elf C:/Users/ratul/ES4F3/ES4F3/vitis/camera/Debug/camera.elf,ps7_cortexa9_0
creating BOOT.BIN using C:/Users/ratul/ES4F3/ES4F3/vitis/camera/_ide/bitstream/system_wrapper.bit
Running C:/Xilinx/Vitis/2024.1/bin/bootgen  -image C:/Users/ratul/ES4F3/ES4F3/vitis/camera_system/Debug/sd_card_temp/boot.bif -w -o i BOOT.BIN
