#-----------------------------------------------------------
# Vivado v2024.1 (64-bit)
# SW Build 5076996 on Wed May 22 18:37:14 MDT 2024
# IP Build 5075265 on Wed May 22 21:45:21 MDT 2024
# SharedData Build 5076995 on Wed May 22 18:29:18 MDT 2024
# Start of session at: Tue Apr 28 01:32:14 2026
# Process ID: 26628
# Current directory: C:/Users/ratul/ES4F3/ES4F3/hls_overlay/hls_overlay_prj/solution1/impl/ip
# Command line: vivado.exe -notrace -mode batch -source run_ippack.tcl
# Log file: C:/Users/ratul/ES4F3/ES4F3/hls_overlay/hls_overlay_prj/solution1/impl/ip/vivado.log
# Journal file: C:/Users/ratul/ES4F3/ES4F3/hls_overlay/hls_overlay_prj/solution1/impl/ip\vivado.jou
# Running On        :LAPTOP-AMKTF75G
# Platform          :Windows Server 2016 or Windows 10
# Operating System  :19045
# Processor Detail  :AMD Ryzen 5 3500U with Radeon Vega Mobile Gfx  
# CPU Frequency     :2096 MHz
# CPU Physical cores:4
# CPU Logical cores :8
# Host memory       :6387 MB
# Swap memory       :18610 MB
# Total Virtual     :24997 MB
# Available Virtual :5929 MB
#-----------------------------------------------------------
source run_ippack.tcl -notrace
