#-----------------------------------------------------------
# Vivado v2024.1 (64-bit)
# SW Build 5076996 on Wed May 22 18:37:14 MDT 2024
# IP Build 5075265 on Wed May 22 21:45:21 MDT 2024
# SharedData Build 5076995 on Wed May 22 18:29:18 MDT 2024
# Start of session at: Sat Apr 25 19:15:42 2026
# Process ID: 3296
# Current directory: C:/Embedded/ES4F3/Zybo-Z7-20-pcam-filter/pcam_filter.runs/impl_1
# Command line: vivado.exe -log system_wrapper.vdi -applog -product Vivado -messageDb vivado.pb -mode batch -source system_wrapper.tcl -notrace
# Log file: C:/Embedded/ES4F3/Zybo-Z7-20-pcam-filter/pcam_filter.runs/impl_1/system_wrapper.vdi
# Journal file: C:/Embedded/ES4F3/Zybo-Z7-20-pcam-filter/pcam_filter.runs/impl_1\vivado.jou
# Running On        :DESKTOP-4LETMJQ
# Platform          :Windows Server 2016 or Windows 10
# Operating System  :26200
# Processor Detail  :12th Gen Intel(R) Core(TM) i7-12700H
# CPU Frequency     :2688 MHz
# CPU Physical cores:14
# CPU Logical cores :20
# Host memory       :34014 MB
# Swap memory       :11037 MB
# Total Virtual     :45052 MB
# Available Virtual :5717 MB
#-----------------------------------------------------------
source system_wrapper.tcl -notrace
