

================================================================
== Vitis HLS Report for 'overlay_core'
================================================================
* Date:           Tue Apr 28 04:45:02 2026

* Version:        2024.1 (Build 5069499 on May 21 2024)
* Project:        hls_overlay_prj
* Solution:       solution1 (Vivado IP Flow Target)
* Product family: zynq
* Target device:  xc7z020-clg400-1


================================================================
== Performance Estimates
================================================================
+ Timing: 
    * Summary: 
    +--------+---------+----------+------------+
    |  Clock |  Target | Estimated| Uncertainty|
    +--------+---------+----------+------------+
    |ap_clk  |  6.67 ns|  5.275 ns|     1.80 ns|
    +--------+---------+----------+------------+

+ Latency: 
    * Summary: 
    +---------+---------+----------+----------+-----+-----+---------+
    |  Latency (cycles) |  Latency (absolute) |  Interval | Pipeline|
    |   min   |   max   |    min   |    max   | min | max |   Type  |
    +---------+---------+----------+----------+-----+-----+---------+
    |        ?|        ?|         ?|         ?|    ?|    ?|       no|
    +---------+---------+----------+----------+-----+-----+---------+

    + Detail: 
        * Instance: 
        N/A

        * Loop: 
        +-------------------+---------+---------+----------+-----------+-----------+------+----------+
        |                   |  Latency (cycles) | Iteration|  Initiation Interval  | Trip |          |
        |     Loop Name     |   min   |   max   |  Latency |  achieved |   target  | Count| Pipelined|
        +-------------------+---------+---------+----------+-----------+-----------+------+----------+
        |- VITIS_LOOP_28_1  |        ?|        ?|         4|          1|          1|   inf|       yes|
        +-------------------+---------+---------+----------+-----------+-----------+------+----------+



================================================================
== Utilization Estimates
================================================================
* Summary: 
+-----------------+---------+-----+--------+-------+-----+
|       Name      | BRAM_18K| DSP |   FF   |  LUT  | URAM|
+-----------------+---------+-----+--------+-------+-----+
|DSP              |        -|    -|       -|      -|    -|
|Expression       |        -|    -|       0|    182|    -|
|FIFO             |        -|    -|       -|      -|    -|
|Instance         |        0|    -|     131|    170|    -|
|Memory           |        -|    -|       -|      -|    -|
|Multiplexer      |        -|    -|       0|     95|    -|
|Register         |        -|    -|     505|    192|    -|
+-----------------+---------+-----+--------+-------+-----+
|Total            |        0|    0|     636|    639|    0|
+-----------------+---------+-----+--------+-------+-----+
|Available        |      280|  220|  106400|  53200|    0|
+-----------------+---------+-----+--------+-------+-----+
|Utilization (%)  |        0|    0|      ~0|      1|    0|
+-----------------+---------+-----+--------+-------+-----+

+ Detail: 
    * Instance: 
    +--------------+------------+---------+----+-----+-----+-----+
    |   Instance   |   Module   | BRAM_18K| DSP|  FF | LUT | URAM|
    +--------------+------------+---------+----+-----+-----+-----+
    |CTRL_s_axi_U  |CTRL_s_axi  |        0|   0|  131|  170|    0|
    +--------------+------------+---------+----+-----+-----+-----+
    |Total         |            |        0|   0|  131|  170|    0|
    +--------------+------------+---------+----+-----+-----+-----+

    * DSP: 
    N/A

    * Memory: 
    N/A

    * FIFO: 
    N/A

    * Expression: 
    +----------------------------+----------+----+---+----+------------+------------+
    |        Variable Name       | Operation| DSP| FF| LUT| Bitwidth P0| Bitwidth P1|
    +----------------------------+----------+----+---+----+------------+------------+
    |add_ln49_fu_253_p2          |         +|   0|  0|  23|          16|           1|
    |add_ln52_fu_266_p2          |         +|   0|  0|  23|          16|           1|
    |and_ln42_1_fu_229_p2        |       and|   0|  0|   2|           1|           1|
    |ap_condition_162            |       and|   0|  0|   2|           1|           1|
    |ap_condition_166            |       and|   0|  0|   2|           1|           1|
    |icmp_ln42_1_fu_223_p2       |      icmp|   0|  0|  23|          16|           9|
    |icmp_ln42_fu_217_p2         |      icmp|   0|  0|  23|          16|           7|
    |ap_block_pp0_stage0_01001   |        or|   0|  0|   2|           1|           1|
    |ap_block_pp0_stage0_11001   |        or|   0|  0|   2|           1|           1|
    |or_ln42_fu_235_p2           |        or|   0|  0|   2|           1|           1|
    |or_ln50_fu_279_p2           |        or|   0|  0|   2|           1|           1|
    |pixel_out_data_2_fu_240_p3  |    select|   0|  0|  24|           1|          18|
    |select_ln33_fu_259_p3       |    select|   0|  0|  16|           1|           1|
    |select_ln50_1_fu_291_p3     |    select|   0|  0|  16|           1|          16|
    |select_ln50_2_fu_272_p3     |    select|   0|  0|   2|           1|           1|
    |select_ln50_fu_283_p3       |    select|   0|  0|  16|           1|          16|
    |ap_enable_pp0               |       xor|   0|  0|   2|           1|           2|
    +----------------------------+----------+----+---+----+------------+------------+
    |Total                       |          |   0|  0| 182|          77|          79|
    +----------------------------+----------+----+---+----+------------+------------+

    * Multiplexer: 
    +-----------------------------------------------+----+-----------+-----+-----------+
    |                      Name                     | LUT| Input Size| Bits| Total Bits|
    +-----------------------------------------------+----+-----------+-----+-----------+
    |ap_NS_fsm                                      |  14|          3|    1|          3|
    |ap_enable_reg_pp0_iter1                        |   9|          2|    1|          2|
    |ap_enable_reg_pp0_iter2                        |   9|          2|    1|          2|
    |ap_enable_reg_pp0_iter3                        |   9|          2|    1|          2|
    |ap_phi_reg_pp0_iter1_pixel_out_data_1_reg_161  |   9|          2|   24|         48|
    |ap_phi_reg_pp0_iter2_pixel_out_data_1_reg_161  |   9|          2|   24|         48|
    |empty_17_fu_108                                |   9|          2|   16|         32|
    |empty_fu_104                                   |   9|          2|   16|         32|
    |stream_in_TDATA_blk_n                          |   9|          2|    1|          2|
    |stream_out_TDATA_blk_n                         |   9|          2|    1|          2|
    +-----------------------------------------------+----+-----------+-----+-----------+
    |Total                                          |  95|         21|   86|        173|
    +-----------------------------------------------+----+-----------+-----+-----------+

    * Register: 
    +-----------------------------------------------+----+----+-----+-----------+
    |                      Name                     | FF | LUT| Bits| Const Bits|
    +-----------------------------------------------+----+----+-----+-----------+
    |ap_CS_fsm                                      |   2|   0|    2|          0|
    |ap_enable_reg_pp0_iter0                        |   1|   0|    1|          0|
    |ap_enable_reg_pp0_iter1                        |   1|   0|    1|          0|
    |ap_enable_reg_pp0_iter2                        |   1|   0|    1|          0|
    |ap_enable_reg_pp0_iter3                        |   1|   0|    1|          0|
    |ap_phi_reg_pp0_iter1_pixel_out_data_1_reg_161  |  24|   0|   24|          0|
    |ap_phi_reg_pp0_iter2_pixel_out_data_1_reg_161  |  24|   0|   24|          0|
    |empty_17_fu_108                                |  16|   0|   16|          0|
    |empty_fu_104                                   |  16|   0|   16|          0|
    |enable_read_reg_324                            |   1|   0|    1|          0|
    |pixel_in_data_reg_328                          |  24|   0|   24|          0|
    |pixel_in_dest_reg_365                          |   1|   0|    1|          0|
    |pixel_in_id_reg_360                            |   1|   0|    1|          0|
    |pixel_in_keep_reg_334                          |   3|   0|    3|          0|
    |pixel_in_last_reg_352                          |   1|   0|    1|          0|
    |pixel_in_strb_reg_339                          |   3|   0|    3|          0|
    |pixel_in_user_reg_344                          |   1|   0|    1|          0|
    |pixel_in_dest_reg_365                          |  64|  32|    1|          0|
    |pixel_in_id_reg_360                            |  64|  32|    1|          0|
    |pixel_in_keep_reg_334                          |  64|  32|    3|          0|
    |pixel_in_last_reg_352                          |  64|  32|    1|          0|
    |pixel_in_strb_reg_339                          |  64|  32|    3|          0|
    |pixel_in_user_reg_344                          |  64|  32|    1|          0|
    +-----------------------------------------------+----+----+-----+-----------+
    |Total                                          | 505| 192|  131|          0|
    +-----------------------------------------------+----+----+-----+-----------+



================================================================
== Interface
================================================================
* Summary: 
+--------------------+-----+-----+--------------+---------------------+--------------+
|      RTL Ports     | Dir | Bits|   Protocol   |    Source Object    |    C Type    |
+--------------------+-----+-----+--------------+---------------------+--------------+
|s_axi_CTRL_AWVALID  |   in|    1|         s_axi|                 CTRL|        scalar|
|s_axi_CTRL_AWREADY  |  out|    1|         s_axi|                 CTRL|        scalar|
|s_axi_CTRL_AWADDR   |   in|    6|         s_axi|                 CTRL|        scalar|
|s_axi_CTRL_WVALID   |   in|    1|         s_axi|                 CTRL|        scalar|
|s_axi_CTRL_WREADY   |  out|    1|         s_axi|                 CTRL|        scalar|
|s_axi_CTRL_WDATA    |   in|   32|         s_axi|                 CTRL|        scalar|
|s_axi_CTRL_WSTRB    |   in|    4|         s_axi|                 CTRL|        scalar|
|s_axi_CTRL_ARVALID  |   in|    1|         s_axi|                 CTRL|        scalar|
|s_axi_CTRL_ARREADY  |  out|    1|         s_axi|                 CTRL|        scalar|
|s_axi_CTRL_ARADDR   |   in|    6|         s_axi|                 CTRL|        scalar|
|s_axi_CTRL_RVALID   |  out|    1|         s_axi|                 CTRL|        scalar|
|s_axi_CTRL_RREADY   |   in|    1|         s_axi|                 CTRL|        scalar|
|s_axi_CTRL_RDATA    |  out|   32|         s_axi|                 CTRL|        scalar|
|s_axi_CTRL_RRESP    |  out|    2|         s_axi|                 CTRL|        scalar|
|s_axi_CTRL_BVALID   |  out|    1|         s_axi|                 CTRL|        scalar|
|s_axi_CTRL_BREADY   |   in|    1|         s_axi|                 CTRL|        scalar|
|s_axi_CTRL_BRESP    |  out|    2|         s_axi|                 CTRL|        scalar|
|ap_clk              |   in|    1|  ap_ctrl_none|         overlay_core|  return value|
|ap_rst_n            |   in|    1|  ap_ctrl_none|         overlay_core|  return value|
|stream_in_TDATA     |   in|   24|          axis|   stream_in_V_data_V|       pointer|
|stream_in_TVALID    |   in|    1|          axis|   stream_in_V_dest_V|       pointer|
|stream_in_TREADY    |  out|    1|          axis|   stream_in_V_dest_V|       pointer|
|stream_in_TDEST     |   in|    1|          axis|   stream_in_V_dest_V|       pointer|
|stream_in_TKEEP     |   in|    3|          axis|   stream_in_V_keep_V|       pointer|
|stream_in_TSTRB     |   in|    3|          axis|   stream_in_V_strb_V|       pointer|
|stream_in_TUSER     |   in|    1|          axis|   stream_in_V_user_V|       pointer|
|stream_in_TLAST     |   in|    1|          axis|   stream_in_V_last_V|       pointer|
|stream_in_TID       |   in|    1|          axis|     stream_in_V_id_V|       pointer|
|stream_out_TDATA    |  out|   24|          axis|  stream_out_V_data_V|       pointer|
|stream_out_TVALID   |  out|    1|          axis|  stream_out_V_dest_V|       pointer|
|stream_out_TREADY   |   in|    1|          axis|  stream_out_V_dest_V|       pointer|
|stream_out_TDEST    |  out|    1|          axis|  stream_out_V_dest_V|       pointer|
|stream_out_TKEEP    |  out|    3|          axis|  stream_out_V_keep_V|       pointer|
|stream_out_TSTRB    |  out|    3|          axis|  stream_out_V_strb_V|       pointer|
|stream_out_TUSER    |  out|    1|          axis|  stream_out_V_user_V|       pointer|
|stream_out_TLAST    |  out|    1|          axis|  stream_out_V_last_V|       pointer|
|stream_out_TID      |  out|    1|          axis|    stream_out_V_id_V|       pointer|
+--------------------+-----+-----+--------------+---------------------+--------------+

