

================================================================
== Vitis HLS Report for 'overlay_core'
================================================================
* Date:           Tue Apr 28 06:17:11 2026

* Version:        2024.1 (Build 5069499 on May 21 2024)
* Project:        hls_overlay_prj
* Solution:       solution1 (Vivado IP Flow Target)
* Product family: zynq
* Target device:  xc7z020-clg400-1


================================================================
== Performance Estimates
================================================================
+ Timing: 
    * Summary: 
    +--------+---------+----------+------------+
    |  Clock |  Target | Estimated| Uncertainty|
    +--------+---------+----------+------------+
    |ap_clk  |  6.67 ns|  5.275 ns|     1.80 ns|
    +--------+---------+----------+------------+

+ Latency: 
    * Summary: 
    +---------+---------+----------+----------+-----+-----+---------+
    |  Latency (cycles) |  Latency (absolute) |  Interval | Pipeline|
    |   min   |   max   |    min   |    max   | min | max |   Type  |
    +---------+---------+----------+----------+-----+-----+---------+
    |        ?|        ?|         ?|         ?|    ?|    ?|       no|
    +---------+---------+----------+----------+-----+-----+---------+

    + Detail: 
        * Instance: 
        N/A

        * Loop: 
        +--------------------+---------+---------+----------+-----------+-----------+------+----------+
        |                    |  Latency (cycles) | Iteration|  Initiation Interval  | Trip |          |
        |      Loop Name     |   min   |   max   |  Latency |  achieved |   target  | Count| Pipelined|
        +--------------------+---------+---------+----------+-----------+-----------+------+----------+
        |- VITIS_LOOP_277_1  |        ?|        ?|        30|          1|          1|   inf|       yes|
        +--------------------+---------+---------+----------+-----------+-----------+------+----------+



================================================================
== Utilization Estimates
================================================================
* Summary: 
+-----------------+---------+-----+--------+-------+-----+
|       Name      | BRAM_18K| DSP |   FF   |  LUT  | URAM|
+-----------------+---------+-----+--------+-------+-----+
|DSP              |        -|    -|       -|      -|    -|
|Expression       |        -|    -|       0|    797|    -|
|FIFO             |        -|    -|       -|      -|    -|
|Instance         |        0|    4|    2964|   4529|    -|
|Memory           |        0|    -|     483|    154|    -|
|Multiplexer      |        -|    -|       0|    443|    -|
|Register         |        -|    -|    6993|   2496|    -|
+-----------------+---------+-----+--------+-------+-----+
|Total            |        0|    4|   10440|   8419|    0|
+-----------------+---------+-----+--------+-------+-----+
|Available        |      280|  220|  106400|  53200|    0|
+-----------------+---------+-----+--------+-------+-----+
|Utilization (%)  |        0|    1|       9|     15|    0|
+-----------------+---------+-----+--------+-------+-----+

+ Detail: 
    * Instance: 
    +--------------------------+-----------------------+---------+----+-----+-----+-----+
    |         Instance         |         Module        | BRAM_18K| DSP|  FF | LUT | URAM|
    +--------------------------+-----------------------+---------+----+-----+-----+-----+
    |CTRL_s_axi_U              |CTRL_s_axi             |        0|   0|  124|  168|    0|
    |mul_16ns_18ns_33_2_1_U1   |mul_16ns_18ns_33_2_1   |        0|   1|   75|    2|    0|
    |mul_16ns_18ns_33_2_1_U3   |mul_16ns_18ns_33_2_1   |        0|   1|   75|    2|    0|
    |mul_16ns_18ns_33_2_1_U5   |mul_16ns_18ns_33_2_1   |        0|   1|   75|    2|    0|
    |mul_16ns_18ns_33_2_1_U7   |mul_16ns_18ns_33_2_1   |        0|   1|   75|    2|    0|
    |sparsemux_15_3_1_1_1_U9   |sparsemux_15_3_1_1_1   |        0|   0|    0|   37|    0|
    |sparsemux_15_3_1_1_1_U10  |sparsemux_15_3_1_1_1   |        0|   0|    0|   37|    0|
    |sparsemux_15_3_1_1_1_U11  |sparsemux_15_3_1_1_1   |        0|   0|    0|   37|    0|
    |sparsemux_15_3_1_1_1_U12  |sparsemux_15_3_1_1_1   |        0|   0|    0|   37|    0|
    |sparsemux_15_3_1_1_1_U13  |sparsemux_15_3_1_1_1   |        0|   0|    0|   37|    0|
    |sparsemux_15_3_1_1_1_U14  |sparsemux_15_3_1_1_1   |        0|   0|    0|   37|    0|
    |sparsemux_15_3_1_1_1_U15  |sparsemux_15_3_1_1_1   |        0|   0|    0|   37|    0|
    |sparsemux_15_3_1_1_1_U16  |sparsemux_15_3_1_1_1   |        0|   0|    0|   37|    0|
    |sparsemux_15_3_1_1_1_U17  |sparsemux_15_3_1_1_1   |        0|   0|    0|   37|    0|
    |sparsemux_15_3_1_1_1_U18  |sparsemux_15_3_1_1_1   |        0|   0|    0|   37|    0|
    |sparsemux_15_3_1_1_1_U19  |sparsemux_15_3_1_1_1   |        0|   0|    0|   37|    0|
    |sparsemux_15_3_1_1_1_U20  |sparsemux_15_3_1_1_1   |        0|   0|    0|   37|    0|
    |sparsemux_15_3_1_1_1_U21  |sparsemux_15_3_1_1_1   |        0|   0|    0|   37|    0|
    |sparsemux_15_3_1_1_1_U22  |sparsemux_15_3_1_1_1   |        0|   0|    0|   37|    0|
    |sparsemux_15_3_1_1_1_U23  |sparsemux_15_3_1_1_1   |        0|   0|    0|   37|    0|
    |sparsemux_15_3_1_1_1_U24  |sparsemux_15_3_1_1_1   |        0|   0|    0|   37|    0|
    |sparsemux_15_3_1_1_1_U25  |sparsemux_15_3_1_1_1   |        0|   0|    0|   37|    0|
    |sparsemux_15_3_1_1_1_U26  |sparsemux_15_3_1_1_1   |        0|   0|    0|   37|    0|
    |sparsemux_15_3_1_1_1_U27  |sparsemux_15_3_1_1_1   |        0|   0|    0|   37|    0|
    |sparsemux_15_3_1_1_1_U28  |sparsemux_15_3_1_1_1   |        0|   0|    0|   37|    0|
    |sparsemux_15_3_1_1_1_U29  |sparsemux_15_3_1_1_1   |        0|   0|    0|   37|    0|
    |sparsemux_15_3_1_1_1_U30  |sparsemux_15_3_1_1_1   |        0|   0|    0|   37|    0|
    |sparsemux_15_3_1_1_1_U31  |sparsemux_15_3_1_1_1   |        0|   0|    0|   37|    0|
    |sparsemux_15_3_1_1_1_U32  |sparsemux_15_3_1_1_1   |        0|   0|    0|   37|    0|
    |sparsemux_15_3_1_1_1_U33  |sparsemux_15_3_1_1_1   |        0|   0|    0|   37|    0|
    |sparsemux_15_3_1_1_1_U34  |sparsemux_15_3_1_1_1   |        0|   0|    0|   37|    0|
    |sparsemux_15_3_1_1_1_U35  |sparsemux_15_3_1_1_1   |        0|   0|    0|   37|    0|
    |sparsemux_15_3_1_1_1_U36  |sparsemux_15_3_1_1_1   |        0|   0|    0|   37|    0|
    |sparsemux_15_3_1_1_1_U37  |sparsemux_15_3_1_1_1   |        0|   0|    0|   37|    0|
    |sparsemux_15_3_1_1_1_U38  |sparsemux_15_3_1_1_1   |        0|   0|    0|   37|    0|
    |sparsemux_15_3_1_1_1_U39  |sparsemux_15_3_1_1_1   |        0|   0|    0|   37|    0|
    |sparsemux_15_3_1_1_1_U40  |sparsemux_15_3_1_1_1   |        0|   0|    0|   37|    0|
    |sparsemux_15_3_1_1_1_U41  |sparsemux_15_3_1_1_1   |        0|   0|    0|   37|    0|
    |sparsemux_15_3_1_1_1_U42  |sparsemux_15_3_1_1_1   |        0|   0|    0|   37|    0|
    |sparsemux_15_3_1_1_1_U43  |sparsemux_15_3_1_1_1   |        0|   0|    0|   37|    0|
    |sparsemux_15_3_1_1_1_U44  |sparsemux_15_3_1_1_1   |        0|   0|    0|   37|    0|
    |sparsemux_15_3_1_1_1_U45  |sparsemux_15_3_1_1_1   |        0|   0|    0|   37|    0|
    |sparsemux_15_3_1_1_1_U46  |sparsemux_15_3_1_1_1   |        0|   0|    0|   37|    0|
    |sparsemux_15_3_1_1_1_U47  |sparsemux_15_3_1_1_1   |        0|   0|    0|   37|    0|
    |sparsemux_15_3_1_1_1_U48  |sparsemux_15_3_1_1_1   |        0|   0|    0|   37|    0|
    |sparsemux_15_3_1_1_1_U49  |sparsemux_15_3_1_1_1   |        0|   0|    0|   37|    0|
    |sparsemux_15_3_1_1_1_U50  |sparsemux_15_3_1_1_1   |        0|   0|    0|   37|    0|
    |sparsemux_15_3_1_1_1_U51  |sparsemux_15_3_1_1_1   |        0|   0|    0|   37|    0|
    |sparsemux_15_3_1_1_1_U52  |sparsemux_15_3_1_1_1   |        0|   0|    0|   37|    0|
    |sparsemux_15_3_1_1_1_U53  |sparsemux_15_3_1_1_1   |        0|   0|    0|   37|    0|
    |sparsemux_15_3_1_1_1_U54  |sparsemux_15_3_1_1_1   |        0|   0|    0|   37|    0|
    |sparsemux_15_3_1_1_1_U55  |sparsemux_15_3_1_1_1   |        0|   0|    0|   37|    0|
    |sparsemux_15_3_1_1_1_U56  |sparsemux_15_3_1_1_1   |        0|   0|    0|   37|    0|
    |sparsemux_15_3_1_1_1_U57  |sparsemux_15_3_1_1_1   |        0|   0|    0|   37|    0|
    |sparsemux_15_3_1_1_1_U58  |sparsemux_15_3_1_1_1   |        0|   0|    0|   37|    0|
    |sparsemux_15_3_1_1_1_U59  |sparsemux_15_3_1_1_1   |        0|   0|    0|   37|    0|
    |sparsemux_15_3_1_1_1_U60  |sparsemux_15_3_1_1_1   |        0|   0|    0|   37|    0|
    |sparsemux_15_3_1_1_1_U61  |sparsemux_15_3_1_1_1   |        0|   0|    0|   37|    0|
    |sparsemux_15_3_1_1_1_U62  |sparsemux_15_3_1_1_1   |        0|   0|    0|   37|    0|
    |sparsemux_15_3_1_1_1_U63  |sparsemux_15_3_1_1_1   |        0|   0|    0|   37|    0|
    |sparsemux_15_3_1_1_1_U64  |sparsemux_15_3_1_1_1   |        0|   0|    0|   37|    0|
    |sparsemux_15_3_1_1_1_U65  |sparsemux_15_3_1_1_1   |        0|   0|    0|   37|    0|
    |sparsemux_15_3_1_1_1_U66  |sparsemux_15_3_1_1_1   |        0|   0|    0|   37|    0|
    |sparsemux_15_3_1_1_1_U67  |sparsemux_15_3_1_1_1   |        0|   0|    0|   37|    0|
    |sparsemux_15_3_1_1_1_U68  |sparsemux_15_3_1_1_1   |        0|   0|    0|   37|    0|
    |sparsemux_15_3_1_1_1_U69  |sparsemux_15_3_1_1_1   |        0|   0|    0|   37|    0|
    |sparsemux_15_3_1_1_1_U70  |sparsemux_15_3_1_1_1   |        0|   0|    0|   37|    0|
    |sparsemux_15_3_1_1_1_U71  |sparsemux_15_3_1_1_1   |        0|   0|    0|   37|    0|
    |sparsemux_15_3_1_1_1_U72  |sparsemux_15_3_1_1_1   |        0|   0|    0|   37|    0|
    |sparsemux_15_3_1_1_1_U73  |sparsemux_15_3_1_1_1   |        0|   0|    0|   37|    0|
    |urem_16ns_4ns_16_20_1_U2  |urem_16ns_4ns_16_20_1  |        0|   0|  635|  487|    0|
    |urem_16ns_4ns_16_20_1_U4  |urem_16ns_4ns_16_20_1  |        0|   0|  635|  487|    0|
    |urem_16ns_4ns_16_20_1_U6  |urem_16ns_4ns_16_20_1  |        0|   0|  635|  487|    0|
    |urem_16ns_4ns_16_20_1_U8  |urem_16ns_4ns_16_20_1  |        0|   0|  635|  487|    0|
    +--------------------------+-----------------------+---------+----+-----+-----+-----+
    |Total                     |                       |        0|   4| 2964| 4529|    0|
    +--------------------------+-----------------------+---------+----+-----+-----+-----+

    * DSP: 
    N/A

    * Memory: 
    +-----------------+---------------------------+---------+---+----+-----+------+-----+------+-------------+
    |      Memory     |           Module          | BRAM_18K| FF| LUT| URAM| Words| Bits| Banks| W*Bits*Banks|
    +-----------------+---------------------------+---------+---+----+-----+------+-----+------+-------------+
    |id1_U            |id1_ROM_AUTO_1R            |        0|  7|   1|    0|     9|    7|     1|           63|
    |id2_U            |id2_ROM_AUTO_1R            |        0|  7|   1|    0|     9|    7|     1|           63|
    |name1_U          |name1_ROM_AUTO_1R          |        0|  7|   3|    0|    19|    7|     1|          133|
    |name2_U          |name2_ROM_AUTO_1R          |        0|  7|   2|    0|    12|    7|     1|           84|
    |p_ZL6font_0_2_U  |p_ZL6font_0_2_ROM_AUTO_1R  |        0|  4|   1|    0|     5|    1|     1|            5|
    |p_ZL6font_0_3_U  |p_ZL6font_0_3_ROM_AUTO_1R  |        0|  4|   1|    0|     5|    1|     1|            5|
    |p_ZL6font_0_4_U  |p_ZL6font_0_4_ROM_AUTO_1R  |        0|  4|   1|    0|     5|    1|     1|            5|
    |p_ZL6font_1_0_U  |p_ZL6font_1_0_ROM_AUTO_1R  |        0|  4|   1|    0|     5|    1|     1|            5|
    |p_ZL6font_1_2_U  |p_ZL6font_1_0_ROM_AUTO_1R  |        0|  4|   1|    0|     5|    1|     1|            5|
    |p_ZL6font_1_3_U  |p_ZL6font_1_0_ROM_AUTO_1R  |        0|  4|   1|    0|     5|    1|     1|            5|
    |p_ZL6font_1_4_U  |p_ZL6font_1_0_ROM_AUTO_1R  |        0|  4|   1|    0|     5|    1|     1|            5|
    |p_ZL6font_1_5_U  |p_ZL6font_1_0_ROM_AUTO_1R  |        0|  4|   1|    0|     5|    1|     1|            5|
    |p_ZL6font_2_4_U  |p_ZL6font_1_0_ROM_AUTO_1R  |        0|  4|   1|    0|     5|    1|     1|            5|
    |p_ZL6font_1_1_U  |p_ZL6font_1_1_ROM_AUTO_1R  |        0|  4|   1|    0|     5|    1|     1|            5|
    |p_ZL6font_9_6_U  |p_ZL6font_1_1_ROM_AUTO_1R  |        0|  4|   1|    0|     5|    1|     1|            5|
    |p_ZL6font_2_2_U  |p_ZL6font_2_2_ROM_AUTO_1R  |        0|  4|   1|    0|     5|    1|     1|            5|
    |p_ZL6font_3_1_U  |p_ZL6font_2_2_ROM_AUTO_1R  |        0|  4|   1|    0|     5|    1|     1|            5|
    |p_ZL6font_3_2_U  |p_ZL6font_2_2_ROM_AUTO_1R  |        0|  4|   1|    0|     5|    1|     1|            5|
    |p_ZL6font_3_4_U  |p_ZL6font_2_2_ROM_AUTO_1R  |        0|  4|   1|    0|     5|    1|     1|            5|
    |p_ZL6font_3_5_U  |p_ZL6font_2_2_ROM_AUTO_1R  |        0|  4|   1|    0|     5|    1|     1|            5|
    |p_ZL6font_9_4_U  |p_ZL6font_2_2_ROM_AUTO_1R  |        0|  4|   1|    0|     5|    1|     1|            5|
    |p_ZL6font_2_3_U  |p_ZL6font_2_3_ROM_AUTO_1R  |        0|  4|   1|    0|     5|    1|     1|            5|
    |p_ZL6font_4_0_U  |p_ZL6font_2_3_ROM_AUTO_1R  |        0|  4|   1|    0|     5|    1|     1|            5|
    |p_ZL6font_4_5_U  |p_ZL6font_2_3_ROM_AUTO_1R  |        0|  4|   1|    0|     5|    1|     1|            5|
    |p_ZL6font_4_6_U  |p_ZL6font_2_3_ROM_AUTO_1R  |        0|  4|   1|    0|     5|    1|     1|            5|
    |p_ZL6font_9_5_U  |p_ZL6font_2_3_ROM_AUTO_1R  |        0|  4|   1|    0|     5|    1|     1|            5|
    |p_ZL6font_2_5_U  |p_ZL6font_2_5_ROM_AUTO_1R  |        0|  4|   1|    0|     5|    1|     1|            5|
    |p_ZL6font_2_6_U  |p_ZL6font_2_6_ROM_AUTO_1R  |        0|  4|   1|    0|     5|    1|     1|            5|
    |p_ZL6font_4_4_U  |p_ZL6font_2_6_ROM_AUTO_1R  |        0|  4|   1|    0|     5|    1|     1|            5|
    |p_ZL6font_3_0_U  |p_ZL6font_3_0_ROM_AUTO_1R  |        0|  4|   1|    0|     5|    1|     1|            5|
    |p_ZL6font_3_6_U  |p_ZL6font_3_0_ROM_AUTO_1R  |        0|  4|   1|    0|     5|    1|     1|            5|
    |p_ZL6font_4_1_U  |p_ZL6font_4_1_ROM_AUTO_1R  |        0|  4|   1|    0|     5|    1|     1|            5|
    |p_ZL6font_4_2_U  |p_ZL6font_4_2_ROM_AUTO_1R  |        0|  4|   1|    0|     5|    1|     1|            5|
    |p_ZL6font_4_3_U  |p_ZL6font_4_3_ROM_AUTO_1R  |        0|  4|   1|    0|     5|    1|     1|            5|
    |p_ZL6font_9_3_U  |p_ZL6font_9_3_ROM_AUTO_1R  |        0|  4|   1|    0|     5|    1|     1|            5|
    |p_ZL6font_A_3_U  |p_ZL6font_A_3_ROM_AUTO_1R  |        0|  3|   1|    0|     5|    1|     1|            5|
    |p_ZL6font_T_0_U  |p_ZL6font_A_3_ROM_AUTO_1R  |        0|  3|   1|    0|     5|    1|     1|            5|
    |p_ZL6font_L_6_U  |p_ZL6font_A_3_ROM_AUTO_1R  |        0|  3|   1|    0|     5|    1|     1|            5|
    |p_ZL6font_H_3_U  |p_ZL6font_A_3_ROM_AUTO_1R  |        0|  3|   1|    0|     5|    1|     1|            5|
    |p_ZL6font_C_1_U  |p_ZL6font_C_1_ROM_AUTO_1R  |        0|  3|   1|    0|     5|    1|     1|            5|
    |p_ZL6font_C_5_U  |p_ZL6font_C_1_ROM_AUTO_1R  |        0|  3|   1|    0|     5|    1|     1|            5|
    |p_ZL6font_K_0_U  |p_ZL6font_C_1_ROM_AUTO_1R  |        0|  3|   1|    0|     5|    1|     1|            5|
    |p_ZL6font_K_6_U  |p_ZL6font_C_1_ROM_AUTO_1R  |        0|  3|   1|    0|     5|    1|     1|            5|
    |p_ZL6font_N_0_U  |p_ZL6font_C_1_ROM_AUTO_1R  |        0|  3|   1|    0|     5|    1|     1|            5|
    |p_ZL6font_N_4_U  |p_ZL6font_C_1_ROM_AUTO_1R  |        0|  3|   1|    0|     5|    1|     1|            5|
    |p_ZL6font_N_5_U  |p_ZL6font_C_1_ROM_AUTO_1R  |        0|  3|   1|    0|     5|    1|     1|            5|
    |p_ZL6font_N_6_U  |p_ZL6font_C_1_ROM_AUTO_1R  |        0|  3|   1|    0|     5|    1|     1|            5|
    |p_ZL6font_G_1_U  |p_ZL6font_C_1_ROM_AUTO_1R  |        0|  3|   1|    0|     5|    1|     1|            5|
    |p_ZL6font_G_4_U  |p_ZL6font_C_1_ROM_AUTO_1R  |        0|  3|   1|    0|     5|    1|     1|            5|
    |p_ZL6font_G_5_U  |p_ZL6font_C_1_ROM_AUTO_1R  |        0|  3|   1|    0|     5|    1|     1|            5|
    |p_ZL6font_R_1_U  |p_ZL6font_C_1_ROM_AUTO_1R  |        0|  3|   1|    0|     5|    1|     1|            5|
    |p_ZL6font_R_2_U  |p_ZL6font_C_1_ROM_AUTO_1R  |        0|  3|   1|    0|     5|    1|     1|            5|
    |p_ZL6font_R_6_U  |p_ZL6font_C_1_ROM_AUTO_1R  |        0|  3|   1|    0|     5|    1|     1|            5|
    |p_ZL6font_A_1_U  |p_ZL6font_C_1_ROM_AUTO_1R  |        0|  3|   1|    0|     5|    1|     1|            5|
    |p_ZL6font_A_2_U  |p_ZL6font_C_1_ROM_AUTO_1R  |        0|  3|   1|    0|     5|    1|     1|            5|
    |p_ZL6font_A_4_U  |p_ZL6font_C_1_ROM_AUTO_1R  |        0|  3|   1|    0|     5|    1|     1|            5|
    |p_ZL6font_A_5_U  |p_ZL6font_C_1_ROM_AUTO_1R  |        0|  3|   1|    0|     5|    1|     1|            5|
    |p_ZL6font_A_6_U  |p_ZL6font_C_1_ROM_AUTO_1R  |        0|  3|   1|    0|     5|    1|     1|            5|
    |p_ZL6font_S_1_U  |p_ZL6font_C_1_ROM_AUTO_1R  |        0|  3|   1|    0|     5|    1|     1|            5|
    |p_ZL6font_S_5_U  |p_ZL6font_C_1_ROM_AUTO_1R  |        0|  3|   1|    0|     5|    1|     1|            5|
    |p_ZL6font_H_0_U  |p_ZL6font_C_1_ROM_AUTO_1R  |        0|  3|   1|    0|     5|    1|     1|            5|
    |p_ZL6font_H_1_U  |p_ZL6font_C_1_ROM_AUTO_1R  |        0|  3|   1|    0|     5|    1|     1|            5|
    |p_ZL6font_H_2_U  |p_ZL6font_C_1_ROM_AUTO_1R  |        0|  3|   1|    0|     5|    1|     1|            5|
    |p_ZL6font_H_4_U  |p_ZL6font_C_1_ROM_AUTO_1R  |        0|  3|   1|    0|     5|    1|     1|            5|
    |p_ZL6font_H_5_U  |p_ZL6font_C_1_ROM_AUTO_1R  |        0|  3|   1|    0|     5|    1|     1|            5|
    |p_ZL6font_H_6_U  |p_ZL6font_C_1_ROM_AUTO_1R  |        0|  3|   1|    0|     5|    1|     1|            5|
    |p_ZL6font_C_2_U  |p_ZL6font_C_2_ROM_AUTO_1R  |        0|  3|   1|    0|     5|    1|     1|            5|
    |p_ZL6font_C_3_U  |p_ZL6font_C_2_ROM_AUTO_1R  |        0|  3|   1|    0|     5|    1|     1|            5|
    |p_ZL6font_C_4_U  |p_ZL6font_C_2_ROM_AUTO_1R  |        0|  3|   1|    0|     5|    1|     1|            5|
    |p_ZL6font_G_2_U  |p_ZL6font_C_2_ROM_AUTO_1R  |        0|  3|   1|    0|     5|    1|     1|            5|
    |p_ZL6font_L_0_U  |p_ZL6font_C_2_ROM_AUTO_1R  |        0|  3|   1|    0|     5|    1|     1|            5|
    |p_ZL6font_L_1_U  |p_ZL6font_C_2_ROM_AUTO_1R  |        0|  3|   1|    0|     5|    1|     1|            5|
    |p_ZL6font_L_2_U  |p_ZL6font_C_2_ROM_AUTO_1R  |        0|  3|   1|    0|     5|    1|     1|            5|
    |p_ZL6font_L_3_U  |p_ZL6font_C_2_ROM_AUTO_1R  |        0|  3|   1|    0|     5|    1|     1|            5|
    |p_ZL6font_L_4_U  |p_ZL6font_C_2_ROM_AUTO_1R  |        0|  3|   1|    0|     5|    1|     1|            5|
    |p_ZL6font_L_5_U  |p_ZL6font_C_2_ROM_AUTO_1R  |        0|  3|   1|    0|     5|    1|     1|            5|
    |p_ZL6font_S_2_U  |p_ZL6font_C_2_ROM_AUTO_1R  |        0|  3|   1|    0|     5|    1|     1|            5|
    |p_ZL6font_G_3_U  |p_ZL6font_G_3_ROM_AUTO_1R  |        0|  3|   1|    0|     5|    1|     1|            5|
    |p_ZL6font_I_0_U  |p_ZL6font_I_0_ROM_AUTO_1R  |        0|  3|   1|    0|     5|    1|     1|            5|
    |p_ZL6font_I_6_U  |p_ZL6font_I_0_ROM_AUTO_1R  |        0|  3|   1|    0|     5|    1|     1|            5|
    |p_ZL6font_C_0_U  |p_ZL6font_I_0_ROM_AUTO_1R  |        0|  3|   1|    0|     5|    1|     1|            5|
    |p_ZL6font_C_6_U  |p_ZL6font_I_0_ROM_AUTO_1R  |        0|  3|   1|    0|     5|    1|     1|            5|
    |p_ZL6font_G_0_U  |p_ZL6font_I_0_ROM_AUTO_1R  |        0|  3|   1|    0|     5|    1|     1|            5|
    |p_ZL6font_G_6_U  |p_ZL6font_I_0_ROM_AUTO_1R  |        0|  3|   1|    0|     5|    1|     1|            5|
    |p_ZL6font_A_0_U  |p_ZL6font_I_0_ROM_AUTO_1R  |        0|  3|   1|    0|     5|    1|     1|            5|
    |p_ZL6font_S_0_U  |p_ZL6font_I_0_ROM_AUTO_1R  |        0|  3|   1|    0|     5|    1|     1|            5|
    |p_ZL6font_S_3_U  |p_ZL6font_I_0_ROM_AUTO_1R  |        0|  3|   1|    0|     5|    1|     1|            5|
    |p_ZL6font_S_6_U  |p_ZL6font_I_0_ROM_AUTO_1R  |        0|  3|   1|    0|     5|    1|     1|            5|
    |p_ZL6font_I_1_U  |p_ZL6font_I_1_ROM_AUTO_1R  |        0|  3|   1|    0|     5|    1|     1|            5|
    |p_ZL6font_I_2_U  |p_ZL6font_I_1_ROM_AUTO_1R  |        0|  3|   1|    0|     5|    1|     1|            5|
    |p_ZL6font_I_3_U  |p_ZL6font_I_1_ROM_AUTO_1R  |        0|  3|   1|    0|     5|    1|     1|            5|
    |p_ZL6font_I_4_U  |p_ZL6font_I_1_ROM_AUTO_1R  |        0|  3|   1|    0|     5|    1|     1|            5|
    |p_ZL6font_I_5_U  |p_ZL6font_I_1_ROM_AUTO_1R  |        0|  3|   1|    0|     5|    1|     1|            5|
    |p_ZL6font_T_1_U  |p_ZL6font_I_1_ROM_AUTO_1R  |        0|  3|   1|    0|     5|    1|     1|            5|
    |p_ZL6font_T_2_U  |p_ZL6font_I_1_ROM_AUTO_1R  |        0|  3|   1|    0|     5|    1|     1|            5|
    |p_ZL6font_T_3_U  |p_ZL6font_I_1_ROM_AUTO_1R  |        0|  3|   1|    0|     5|    1|     1|            5|
    |p_ZL6font_T_4_U  |p_ZL6font_I_1_ROM_AUTO_1R  |        0|  3|   1|    0|     5|    1|     1|            5|
    |p_ZL6font_T_5_U  |p_ZL6font_I_1_ROM_AUTO_1R  |        0|  3|   1|    0|     5|    1|     1|            5|
    |p_ZL6font_T_6_U  |p_ZL6font_I_1_ROM_AUTO_1R  |        0|  3|   1|    0|     5|    1|     1|            5|
    |p_ZL6font_K_1_U  |p_ZL6font_K_1_ROM_AUTO_1R  |        0|  3|   1|    0|     5|    1|     1|            5|
    |p_ZL6font_K_5_U  |p_ZL6font_K_1_ROM_AUTO_1R  |        0|  3|   1|    0|     5|    1|     1|            5|
    |p_ZL6font_R_5_U  |p_ZL6font_K_1_ROM_AUTO_1R  |        0|  3|   1|    0|     5|    1|     1|            5|
    |p_ZL6font_K_2_U  |p_ZL6font_K_2_ROM_AUTO_1R  |        0|  3|   1|    0|     5|    1|     1|            5|
    |p_ZL6font_K_4_U  |p_ZL6font_K_2_ROM_AUTO_1R  |        0|  3|   1|    0|     5|    1|     1|            5|
    |p_ZL6font_R_4_U  |p_ZL6font_K_2_ROM_AUTO_1R  |        0|  3|   1|    0|     5|    1|     1|            5|
    |p_ZL6font_K_3_U  |p_ZL6font_K_3_ROM_AUTO_1R  |        0|  3|   1|    0|     5|    1|     1|            5|
    |p_ZL6font_N_1_U  |p_ZL6font_N_1_ROM_AUTO_1R  |        0|  3|   1|    0|     5|    1|     1|            5|
    |p_ZL6font_N_2_U  |p_ZL6font_N_2_ROM_AUTO_1R  |        0|  3|   1|    0|     5|    1|     1|            5|
    |p_ZL6font_N_3_U  |p_ZL6font_N_3_ROM_AUTO_1R  |        0|  3|   1|    0|     5|    1|     1|            5|
    |p_ZL6font_R_0_U  |p_ZL6font_R_0_ROM_AUTO_1R  |        0|  3|   1|    0|     5|    1|     1|            5|
    |p_ZL6font_R_3_U  |p_ZL6font_R_0_ROM_AUTO_1R  |        0|  3|   1|    0|     5|    1|     1|            5|
    |p_ZL6font_S_4_U  |p_ZL6font_S_4_ROM_AUTO_1R  |        0|  3|   1|    0|     5|    1|     1|            5|
    |p_ZL6font_U_0_U  |p_ZL6font_U_0_ROM_AUTO_1R  |        0|  4|   1|    0|     5|    1|     1|            5|
    |p_ZL6font_U_1_U  |p_ZL6font_U_0_ROM_AUTO_1R  |        0|  4|   1|    0|     5|    1|     1|            5|
    |p_ZL6font_U_2_U  |p_ZL6font_U_0_ROM_AUTO_1R  |        0|  4|   1|    0|     5|    1|     1|            5|
    |p_ZL6font_U_3_U  |p_ZL6font_U_0_ROM_AUTO_1R  |        0|  4|   1|    0|     5|    1|     1|            5|
    |p_ZL6font_U_4_U  |p_ZL6font_U_0_ROM_AUTO_1R  |        0|  4|   1|    0|     5|    1|     1|            5|
    |p_ZL6font_U_5_U  |p_ZL6font_U_0_ROM_AUTO_1R  |        0|  4|   1|    0|     5|    1|     1|            5|
    |p_ZL6font_0_1_U  |p_ZL6font_U_0_ROM_AUTO_1R  |        0|  4|   1|    0|     5|    1|     1|            5|
    |p_ZL6font_0_5_U  |p_ZL6font_U_0_ROM_AUTO_1R  |        0|  4|   1|    0|     5|    1|     1|            5|
    |p_ZL6font_2_1_U  |p_ZL6font_U_0_ROM_AUTO_1R  |        0|  4|   1|    0|     5|    1|     1|            5|
    |p_ZL6font_9_1_U  |p_ZL6font_U_0_ROM_AUTO_1R  |        0|  4|   1|    0|     5|    1|     1|            5|
    |p_ZL6font_9_2_U  |p_ZL6font_U_0_ROM_AUTO_1R  |        0|  4|   1|    0|     5|    1|     1|            5|
    |p_ZL6font_U_6_U  |p_ZL6font_U_6_ROM_AUTO_1R  |        0|  4|   1|    0|     5|    1|     1|            5|
    |p_ZL6font_0_0_U  |p_ZL6font_U_6_ROM_AUTO_1R  |        0|  4|   1|    0|     5|    1|     1|            5|
    |p_ZL6font_0_6_U  |p_ZL6font_U_6_ROM_AUTO_1R  |        0|  4|   1|    0|     5|    1|     1|            5|
    |p_ZL6font_1_6_U  |p_ZL6font_U_6_ROM_AUTO_1R  |        0|  4|   1|    0|     5|    1|     1|            5|
    |p_ZL6font_2_0_U  |p_ZL6font_U_6_ROM_AUTO_1R  |        0|  4|   1|    0|     5|    1|     1|            5|
    |p_ZL6font_3_3_U  |p_ZL6font_U_6_ROM_AUTO_1R  |        0|  4|   1|    0|     5|    1|     1|            5|
    |p_ZL6font_9_0_U  |p_ZL6font_U_6_ROM_AUTO_1R  |        0|  4|   1|    0|     5|    1|     1|            5|
    |p_ZL6font_V_0_U  |p_ZL6font_V_0_ROM_AUTO_1R  |        0|  2|   1|    0|     5|    1|     1|            5|
    |p_ZL6font_V_1_U  |p_ZL6font_V_0_ROM_AUTO_1R  |        0|  2|   1|    0|     5|    1|     1|            5|
    |p_ZL6font_V_2_U  |p_ZL6font_V_0_ROM_AUTO_1R  |        0|  2|   1|    0|     5|    1|     1|            5|
    |p_ZL6font_V_3_U  |p_ZL6font_V_3_ROM_AUTO_1R  |        0|  2|   1|    0|     5|    1|     1|            5|
    |p_ZL6font_V_4_U  |p_ZL6font_V_3_ROM_AUTO_1R  |        0|  2|   1|    0|     5|    1|     1|            5|
    |p_ZL6font_V_5_U  |p_ZL6font_V_5_ROM_AUTO_1R  |        0|  2|   1|    0|     5|    1|     1|            5|
    |p_ZL6font_V_6_U  |p_ZL6font_V_5_ROM_AUTO_1R  |        0|  2|   1|    0|     5|    1|     1|            5|
    |p_ZL6font_W_3_U  |p_ZL6font_W_3_ROM_AUTO_1R  |        0|  1|   1|    0|     5|    1|     1|            5|
    |p_ZL6font_W_4_U  |p_ZL6font_W_3_ROM_AUTO_1R  |        0|  1|   1|    0|     5|    1|     1|            5|
    |p_ZL6font_W_5_U  |p_ZL6font_W_5_ROM_AUTO_1R  |        0|  1|   1|    0|     5|    1|     1|            5|
    |p_ZL6font_Y_0_U  |p_ZL6font_Y_0_ROM_AUTO_1R  |        0|  1|   1|    0|     5|    1|     1|            5|
    |p_ZL6font_Y_1_U  |p_ZL6font_Y_0_ROM_AUTO_1R  |        0|  1|   1|    0|     5|    1|     1|            5|
    |p_ZL6font_W_0_U  |p_ZL6font_Y_0_ROM_AUTO_1R  |        0|  1|   1|    0|     5|    1|     1|            5|
    |p_ZL6font_W_1_U  |p_ZL6font_Y_0_ROM_AUTO_1R  |        0|  1|   1|    0|     5|    1|     1|            5|
    |p_ZL6font_W_2_U  |p_ZL6font_Y_0_ROM_AUTO_1R  |        0|  1|   1|    0|     5|    1|     1|            5|
    |p_ZL6font_W_6_U  |p_ZL6font_Y_0_ROM_AUTO_1R  |        0|  1|   1|    0|     5|    1|     1|            5|
    |p_ZL6font_Y_2_U  |p_ZL6font_Y_2_ROM_AUTO_1R  |        0|  1|   1|    0|     5|    1|     1|            5|
    |p_ZL6font_Y_3_U  |p_ZL6font_Y_3_ROM_AUTO_1R  |        0|  1|   1|    0|     5|    1|     1|            5|
    |p_ZL6font_Y_4_U  |p_ZL6font_Y_3_ROM_AUTO_1R  |        0|  1|   1|    0|     5|    1|     1|            5|
    |p_ZL6font_Y_5_U  |p_ZL6font_Y_3_ROM_AUTO_1R  |        0|  1|   1|    0|     5|    1|     1|            5|
    |p_ZL6font_Y_6_U  |p_ZL6font_Y_3_ROM_AUTO_1R  |        0|  1|   1|    0|     5|    1|     1|            5|
    +-----------------+---------------------------+---------+---+----+-----+------+-----+------+-------------+
    |Total            |                           |        0|483| 154|    0|   784|  175|   151|         1078|
    +-----------------+---------------------------+---------+---+----+-----+------+-----+------+-------------+

    * FIFO: 
    N/A

    * Expression: 
    +-------------------------------+----------+----+---+----+------------+------------+
    |         Variable Name         | Operation| DSP| FF| LUT| Bitwidth P0| Bitwidth P1|
    +-------------------------------+----------+----+---+----+------------+------------+
    |add_ln302_fu_6618_p2           |         +|   0|  0|  23|          16|           8|
    |add_ln304_fu_6745_p2           |         +|   0|  0|  23|          16|          11|
    |add_ln371_fu_6691_p2           |         +|   0|  0|  23|          16|           1|
    |add_ln374_fu_6568_p2           |         +|   0|  0|  23|          16|           1|
    |char_row_1_fu_6549_p2          |         +|   0|  0|  23|          16|           6|
    |char_row_2_fu_6669_p2          |         +|   0|  0|  23|          16|           7|
    |char_row_3_fu_6555_p2          |         +|   0|  0|  23|          16|           8|
    |char_row_fu_6543_p2            |         +|   0|  0|  23|          16|           5|
    |rel_col_1_fu_6663_p2           |         +|   0|  0|  23|          16|           5|
    |rel_col_2_fu_6804_p2           |         +|   0|  0|  23|          16|           5|
    |rel_col_3_fu_6685_p2           |         +|   0|  0|  23|          16|           5|
    |rel_col_fu_6646_p2             |         +|   0|  0|  23|          16|           5|
    |and_ln293_fu_6721_p2           |       and|   0|  0|   2|           1|           1|
    |and_ln301_fu_6612_p2           |       and|   0|  0|   2|           1|           1|
    |and_ln302_1_fu_6734_p2         |       and|   0|  0|   2|           1|           1|
    |and_ln302_fu_6730_p2           |       and|   0|  0|   2|           1|           1|
    |and_ln304_fu_6841_p2           |       and|   0|  0|   2|           1|           1|
    |and_ln309_fu_6640_p2           |       and|   0|  0|   2|           1|           1|
    |and_ln315_fu_6921_p2           |       and|   0|  0|   2|           1|           1|
    |and_ln323_fu_6657_p2           |       and|   0|  0|   2|           1|           1|
    |and_ln329_fu_6935_p2           |       and|   0|  0|   2|           1|           1|
    |and_ln337_fu_6799_p2           |       and|   0|  0|   2|           1|           1|
    |and_ln343_fu_7357_p2           |       and|   0|  0|   2|           1|           1|
    |and_ln351_fu_6679_p2           |       and|   0|  0|   2|           1|           1|
    |and_ln357_fu_6953_p2           |       and|   0|  0|   2|           1|           1|
    |ap_condition_4568              |       and|   0|  0|   2|           1|           1|
    |ap_condition_5040              |       and|   0|  0|   2|           1|           1|
    |ap_condition_5140              |       and|   0|  0|   2|           1|           1|
    |ap_condition_5404              |       and|   0|  0|   2|           1|           1|
    |ap_predicate_pred4725_state29  |       and|   0|  0|   2|           1|           1|
    |ap_predicate_pred5533_state6   |       and|   0|  0|   2|           1|           1|
    |icmp_ln293_1_fu_6601_p2        |      icmp|   0|  0|  23|          16|          10|
    |icmp_ln293_fu_6589_p2          |      icmp|   0|  0|  23|          16|           7|
    |icmp_ln301_fu_6607_p2          |      icmp|   0|  0|  23|          16|           2|
    |icmp_ln302_fu_6623_p2          |      icmp|   0|  0|  23|          16|           2|
    |icmp_ln303_fu_6725_p2          |      icmp|   0|  0|  23|          16|           2|
    |icmp_ln304_fu_6750_p2          |      icmp|   0|  0|  23|          16|           2|
    |icmp_ln309_1_fu_6634_p2        |      icmp|   0|  0|  23|          16|           4|
    |icmp_ln309_fu_6629_p2          |      icmp|   0|  0|  23|          16|           3|
    |icmp_ln315_1_fu_6916_p2        |      icmp|   0|  0|  11|           3|           3|
    |icmp_ln315_fu_6770_p2          |      icmp|   0|  0|  23|          16|           7|
    |icmp_ln323_fu_6652_p2          |      icmp|   0|  0|  23|          16|           3|
    |icmp_ln329_1_fu_6930_p2        |      icmp|   0|  0|  11|           3|           3|
    |icmp_ln329_fu_6789_p2          |      icmp|   0|  0|  23|          16|           6|
    |icmp_ln337_fu_6794_p2          |      icmp|   0|  0|  23|          16|           3|
    |icmp_ln343_1_fu_7352_p2        |      icmp|   0|  0|  11|           3|           3|
    |icmp_ln343_fu_6879_p2          |      icmp|   0|  0|  23|          16|           7|
    |icmp_ln351_fu_6674_p2          |      icmp|   0|  0|  23|          16|           3|
    |icmp_ln357_1_fu_6948_p2        |      icmp|   0|  0|  11|           3|           3|
    |icmp_ln357_fu_6823_p2          |      icmp|   0|  0|  23|          16|           6|
    |ap_block_pp0_stage0_01001      |        or|   0|  0|   2|           1|           1|
    |ap_block_pp0_stage0_11001      |        or|   0|  0|   2|           1|           1|
    |ap_condition_5033              |        or|   0|  0|   2|           1|           1|
    |or_ln302_fu_6739_p2            |        or|   0|  0|   2|           1|           1|
    |or_ln372_fu_6704_p2            |        or|   0|  0|   2|           1|           1|
    |select_ln282_1_fu_6594_p3      |    select|   0|  0|  16|           1|           1|
    |select_ln282_2_fu_6561_p3      |    select|   0|  0|  16|           1|           1|
    |select_ln282_fu_6536_p3        |    select|   0|  0|  16|           1|           1|
    |select_ln372_1_fu_6574_p3      |    select|   0|  0|  16|           1|          16|
    |select_ln372_2_fu_6697_p3      |    select|   0|  0|   2|           1|           1|
    |select_ln372_fu_6708_p3        |    select|   0|  0|  16|           1|          16|
    |ap_enable_pp0                  |       xor|   0|  0|   2|           1|           2|
    +-------------------------------+----------+----+---+----+------------+------------+
    |Total                          |          |   0|  0| 797|         475|         208|
    +-------------------------------+----------+----+---+----+------------+------------+

    * Multiplexer: 
    +-------------------------------------------------+----+-----------+-----+-----------+
    |                       Name                      | LUT| Input Size| Bits| Total Bits|
    +-------------------------------------------------+----+-----------+-----+-----------+
    |ap_NS_fsm                                        |  14|          3|    1|          3|
    |ap_enable_reg_pp0_iter1                          |   9|          2|    1|          2|
    |ap_enable_reg_pp0_iter10                         |   9|          2|    1|          2|
    |ap_enable_reg_pp0_iter11                         |   9|          2|    1|          2|
    |ap_enable_reg_pp0_iter12                         |   9|          2|    1|          2|
    |ap_enable_reg_pp0_iter13                         |   9|          2|    1|          2|
    |ap_enable_reg_pp0_iter14                         |   9|          2|    1|          2|
    |ap_enable_reg_pp0_iter15                         |   9|          2|    1|          2|
    |ap_enable_reg_pp0_iter16                         |   9|          2|    1|          2|
    |ap_enable_reg_pp0_iter17                         |   9|          2|    1|          2|
    |ap_enable_reg_pp0_iter18                         |   9|          2|    1|          2|
    |ap_enable_reg_pp0_iter19                         |   9|          2|    1|          2|
    |ap_enable_reg_pp0_iter2                          |   9|          2|    1|          2|
    |ap_enable_reg_pp0_iter20                         |   9|          2|    1|          2|
    |ap_enable_reg_pp0_iter21                         |   9|          2|    1|          2|
    |ap_enable_reg_pp0_iter22                         |   9|          2|    1|          2|
    |ap_enable_reg_pp0_iter23                         |   9|          2|    1|          2|
    |ap_enable_reg_pp0_iter24                         |   9|          2|    1|          2|
    |ap_enable_reg_pp0_iter25                         |   9|          2|    1|          2|
    |ap_enable_reg_pp0_iter26                         |   9|          2|    1|          2|
    |ap_enable_reg_pp0_iter27                         |   9|          2|    1|          2|
    |ap_enable_reg_pp0_iter28                         |   9|          2|    1|          2|
    |ap_enable_reg_pp0_iter29                         |   9|          2|    1|          2|
    |ap_enable_reg_pp0_iter3                          |   9|          2|    1|          2|
    |ap_enable_reg_pp0_iter4                          |   9|          2|    1|          2|
    |ap_enable_reg_pp0_iter5                          |   9|          2|    1|          2|
    |ap_enable_reg_pp0_iter6                          |   9|          2|    1|          2|
    |ap_enable_reg_pp0_iter7                          |   9|          2|    1|          2|
    |ap_enable_reg_pp0_iter8                          |   9|          2|    1|          2|
    |ap_enable_reg_pp0_iter9                          |   9|          2|    1|          2|
    |ap_phi_mux_draw_white_1_phi_fu_6317_p50          |  14|          3|    1|          3|
    |ap_phi_mux_draw_white_2_phi_fu_6231_p44          |   9|          2|    1|          2|
    |ap_phi_mux_draw_white_3_phi_fu_6407_p46          |   9|          2|    1|          2|
    |ap_phi_mux_pixel_out_data_2_phi_fu_6483_p6       |  14|          3|   24|         72|
    |ap_phi_reg_pp0_iter1_pixel_out_data_2_reg_6479   |   9|          2|   24|         48|
    |ap_phi_reg_pp0_iter24_draw_white_1_reg_6293      |   9|          2|    1|          2|
    |ap_phi_reg_pp0_iter25_draw_white_1_reg_6293      |   9|          2|    1|          2|
    |ap_phi_reg_pp0_iter27_draw_white_2_reg_6228      |   9|          2|    1|          2|
    |ap_phi_reg_pp0_iter28_draw_white_3_reg_6404      |   9|          2|    1|          2|
    |ap_phi_reg_pp0_iter28_pixel_out_data_1_reg_6395  |   9|          2|   24|         48|
    |ap_phi_reg_pp0_iter4_pixel_out_data_1_reg_6395   |   9|          2|   24|         48|
    |ap_phi_reg_pp0_iter5_draw_white_reg_6279         |  14|          3|    1|          3|
    |ap_phi_reg_pp0_iter6_draw_white_1_reg_6293       |   9|          2|    1|          2|
    |empty_21_fu_516                                  |   9|          2|   16|         32|
    |empty_fu_512                                     |   9|          2|   16|         32|
    |stream_in_TDATA_blk_n                            |   9|          2|    1|          2|
    |stream_out_TDATA_blk_n                           |   9|          2|    1|          2|
    +-------------------------------------------------+----+-----------+-----+-----------+
    |Total                                            | 443|         98|  169|        365|
    +-------------------------------------------------+----+-----------+-----+-----------+

    * Register: 
    +-------------------------------------------------+----+----+-----+-----------+
    |                       Name                      | FF | LUT| Bits| Const Bits|
    +-------------------------------------------------+----+----+-----+-----------+
    |and_ln293_reg_10383                              |   1|   0|    1|          0|
    |and_ln301_reg_10312                              |   1|   0|    1|          0|
    |and_ln309_reg_10326                              |   1|   0|    1|          0|
    |and_ln315_reg_10549                              |   1|   0|    1|          0|
    |and_ln323_reg_10337                              |   1|   0|    1|          0|
    |and_ln329_reg_10558                              |   1|   0|    1|          0|
    |and_ln337_reg_10416                              |   1|   0|    1|          0|
    |and_ln343_reg_11977                              |   1|   0|    1|          0|
    |and_ln351_reg_10372                              |   1|   0|    1|          0|
    |and_ln357_reg_10595                              |   1|   0|    1|          0|
    |ap_CS_fsm                                        |   2|   0|    2|          0|
    |ap_enable_reg_pp0_iter0                          |   1|   0|    1|          0|
    |ap_enable_reg_pp0_iter1                          |   1|   0|    1|          0|
    |ap_enable_reg_pp0_iter10                         |   1|   0|    1|          0|
    |ap_enable_reg_pp0_iter11                         |   1|   0|    1|          0|
    |ap_enable_reg_pp0_iter12                         |   1|   0|    1|          0|
    |ap_enable_reg_pp0_iter13                         |   1|   0|    1|          0|
    |ap_enable_reg_pp0_iter14                         |   1|   0|    1|          0|
    |ap_enable_reg_pp0_iter15                         |   1|   0|    1|          0|
    |ap_enable_reg_pp0_iter16                         |   1|   0|    1|          0|
    |ap_enable_reg_pp0_iter17                         |   1|   0|    1|          0|
    |ap_enable_reg_pp0_iter18                         |   1|   0|    1|          0|
    |ap_enable_reg_pp0_iter19                         |   1|   0|    1|          0|
    |ap_enable_reg_pp0_iter2                          |   1|   0|    1|          0|
    |ap_enable_reg_pp0_iter20                         |   1|   0|    1|          0|
    |ap_enable_reg_pp0_iter21                         |   1|   0|    1|          0|
    |ap_enable_reg_pp0_iter22                         |   1|   0|    1|          0|
    |ap_enable_reg_pp0_iter23                         |   1|   0|    1|          0|
    |ap_enable_reg_pp0_iter24                         |   1|   0|    1|          0|
    |ap_enable_reg_pp0_iter25                         |   1|   0|    1|          0|
    |ap_enable_reg_pp0_iter26                         |   1|   0|    1|          0|
    |ap_enable_reg_pp0_iter27                         |   1|   0|    1|          0|
    |ap_enable_reg_pp0_iter28                         |   1|   0|    1|          0|
    |ap_enable_reg_pp0_iter29                         |   1|   0|    1|          0|
    |ap_enable_reg_pp0_iter3                          |   1|   0|    1|          0|
    |ap_enable_reg_pp0_iter4                          |   1|   0|    1|          0|
    |ap_enable_reg_pp0_iter5                          |   1|   0|    1|          0|
    |ap_enable_reg_pp0_iter6                          |   1|   0|    1|          0|
    |ap_enable_reg_pp0_iter7                          |   1|   0|    1|          0|
    |ap_enable_reg_pp0_iter8                          |   1|   0|    1|          0|
    |ap_enable_reg_pp0_iter9                          |   1|   0|    1|          0|
    |ap_phi_reg_pp0_iter10_draw_white_1_reg_6293      |   1|   0|    1|          0|
    |ap_phi_reg_pp0_iter10_draw_white_2_reg_6228      |   1|   0|    1|          0|
    |ap_phi_reg_pp0_iter10_draw_white_3_reg_6404      |   1|   0|    1|          0|
    |ap_phi_reg_pp0_iter10_pixel_out_data_1_reg_6395  |  24|   0|   24|          0|
    |ap_phi_reg_pp0_iter10_pixel_out_data_2_reg_6479  |  24|   0|   24|          0|
    |ap_phi_reg_pp0_iter11_draw_white_1_reg_6293      |   1|   0|    1|          0|
    |ap_phi_reg_pp0_iter11_draw_white_2_reg_6228      |   1|   0|    1|          0|
    |ap_phi_reg_pp0_iter11_draw_white_3_reg_6404      |   1|   0|    1|          0|
    |ap_phi_reg_pp0_iter11_pixel_out_data_1_reg_6395  |  24|   0|   24|          0|
    |ap_phi_reg_pp0_iter11_pixel_out_data_2_reg_6479  |  24|   0|   24|          0|
    |ap_phi_reg_pp0_iter12_draw_white_1_reg_6293      |   1|   0|    1|          0|
    |ap_phi_reg_pp0_iter12_draw_white_2_reg_6228      |   1|   0|    1|          0|
    |ap_phi_reg_pp0_iter12_draw_white_3_reg_6404      |   1|   0|    1|          0|
    |ap_phi_reg_pp0_iter12_pixel_out_data_1_reg_6395  |  24|   0|   24|          0|
    |ap_phi_reg_pp0_iter12_pixel_out_data_2_reg_6479  |  24|   0|   24|          0|
    |ap_phi_reg_pp0_iter13_draw_white_1_reg_6293      |   1|   0|    1|          0|
    |ap_phi_reg_pp0_iter13_draw_white_2_reg_6228      |   1|   0|    1|          0|
    |ap_phi_reg_pp0_iter13_draw_white_3_reg_6404      |   1|   0|    1|          0|
    |ap_phi_reg_pp0_iter13_pixel_out_data_1_reg_6395  |  24|   0|   24|          0|
    |ap_phi_reg_pp0_iter13_pixel_out_data_2_reg_6479  |  24|   0|   24|          0|
    |ap_phi_reg_pp0_iter14_draw_white_1_reg_6293      |   1|   0|    1|          0|
    |ap_phi_reg_pp0_iter14_draw_white_2_reg_6228      |   1|   0|    1|          0|
    |ap_phi_reg_pp0_iter14_draw_white_3_reg_6404      |   1|   0|    1|          0|
    |ap_phi_reg_pp0_iter14_pixel_out_data_1_reg_6395  |  24|   0|   24|          0|
    |ap_phi_reg_pp0_iter14_pixel_out_data_2_reg_6479  |  24|   0|   24|          0|
    |ap_phi_reg_pp0_iter15_draw_white_1_reg_6293      |   1|   0|    1|          0|
    |ap_phi_reg_pp0_iter15_draw_white_2_reg_6228      |   1|   0|    1|          0|
    |ap_phi_reg_pp0_iter15_draw_white_3_reg_6404      |   1|   0|    1|          0|
    |ap_phi_reg_pp0_iter15_pixel_out_data_1_reg_6395  |  24|   0|   24|          0|
    |ap_phi_reg_pp0_iter15_pixel_out_data_2_reg_6479  |  24|   0|   24|          0|
    |ap_phi_reg_pp0_iter16_draw_white_1_reg_6293      |   1|   0|    1|          0|
    |ap_phi_reg_pp0_iter16_draw_white_2_reg_6228      |   1|   0|    1|          0|
    |ap_phi_reg_pp0_iter16_draw_white_3_reg_6404      |   1|   0|    1|          0|
    |ap_phi_reg_pp0_iter16_pixel_out_data_1_reg_6395  |  24|   0|   24|          0|
    |ap_phi_reg_pp0_iter16_pixel_out_data_2_reg_6479  |  24|   0|   24|          0|
    |ap_phi_reg_pp0_iter17_draw_white_1_reg_6293      |   1|   0|    1|          0|
    |ap_phi_reg_pp0_iter17_draw_white_2_reg_6228      |   1|   0|    1|          0|
    |ap_phi_reg_pp0_iter17_draw_white_3_reg_6404      |   1|   0|    1|          0|
    |ap_phi_reg_pp0_iter17_pixel_out_data_1_reg_6395  |  24|   0|   24|          0|
    |ap_phi_reg_pp0_iter17_pixel_out_data_2_reg_6479  |  24|   0|   24|          0|
    |ap_phi_reg_pp0_iter18_draw_white_1_reg_6293      |   1|   0|    1|          0|
    |ap_phi_reg_pp0_iter18_draw_white_2_reg_6228      |   1|   0|    1|          0|
    |ap_phi_reg_pp0_iter18_draw_white_3_reg_6404      |   1|   0|    1|          0|
    |ap_phi_reg_pp0_iter18_pixel_out_data_1_reg_6395  |  24|   0|   24|          0|
    |ap_phi_reg_pp0_iter18_pixel_out_data_2_reg_6479  |  24|   0|   24|          0|
    |ap_phi_reg_pp0_iter19_draw_white_1_reg_6293      |   1|   0|    1|          0|
    |ap_phi_reg_pp0_iter19_draw_white_2_reg_6228      |   1|   0|    1|          0|
    |ap_phi_reg_pp0_iter19_draw_white_3_reg_6404      |   1|   0|    1|          0|
    |ap_phi_reg_pp0_iter19_pixel_out_data_1_reg_6395  |  24|   0|   24|          0|
    |ap_phi_reg_pp0_iter19_pixel_out_data_2_reg_6479  |  24|   0|   24|          0|
    |ap_phi_reg_pp0_iter1_draw_white_1_reg_6293       |   1|   0|    1|          0|
    |ap_phi_reg_pp0_iter1_draw_white_2_reg_6228       |   1|   0|    1|          0|
    |ap_phi_reg_pp0_iter1_draw_white_3_reg_6404       |   1|   0|    1|          0|
    |ap_phi_reg_pp0_iter1_draw_white_reg_6279         |   1|   0|    1|          0|
    |ap_phi_reg_pp0_iter1_pixel_out_data_1_reg_6395   |  24|   0|   24|          0|
    |ap_phi_reg_pp0_iter1_pixel_out_data_2_reg_6479   |  24|   0|   24|          0|
    |ap_phi_reg_pp0_iter20_draw_white_1_reg_6293      |   1|   0|    1|          0|
    |ap_phi_reg_pp0_iter20_draw_white_2_reg_6228      |   1|   0|    1|          0|
    |ap_phi_reg_pp0_iter20_draw_white_3_reg_6404      |   1|   0|    1|          0|
    |ap_phi_reg_pp0_iter20_pixel_out_data_1_reg_6395  |  24|   0|   24|          0|
    |ap_phi_reg_pp0_iter20_pixel_out_data_2_reg_6479  |  24|   0|   24|          0|
    |ap_phi_reg_pp0_iter21_draw_white_1_reg_6293      |   1|   0|    1|          0|
    |ap_phi_reg_pp0_iter21_draw_white_2_reg_6228      |   1|   0|    1|          0|
    |ap_phi_reg_pp0_iter21_draw_white_3_reg_6404      |   1|   0|    1|          0|
    |ap_phi_reg_pp0_iter21_pixel_out_data_1_reg_6395  |  24|   0|   24|          0|
    |ap_phi_reg_pp0_iter21_pixel_out_data_2_reg_6479  |  24|   0|   24|          0|
    |ap_phi_reg_pp0_iter22_draw_white_1_reg_6293      |   1|   0|    1|          0|
    |ap_phi_reg_pp0_iter22_draw_white_2_reg_6228      |   1|   0|    1|          0|
    |ap_phi_reg_pp0_iter22_draw_white_3_reg_6404      |   1|   0|    1|          0|
    |ap_phi_reg_pp0_iter22_pixel_out_data_1_reg_6395  |  24|   0|   24|          0|
    |ap_phi_reg_pp0_iter22_pixel_out_data_2_reg_6479  |  24|   0|   24|          0|
    |ap_phi_reg_pp0_iter23_draw_white_1_reg_6293      |   1|   0|    1|          0|
    |ap_phi_reg_pp0_iter23_draw_white_2_reg_6228      |   1|   0|    1|          0|
    |ap_phi_reg_pp0_iter23_draw_white_3_reg_6404      |   1|   0|    1|          0|
    |ap_phi_reg_pp0_iter23_pixel_out_data_1_reg_6395  |  24|   0|   24|          0|
    |ap_phi_reg_pp0_iter23_pixel_out_data_2_reg_6479  |  24|   0|   24|          0|
    |ap_phi_reg_pp0_iter24_draw_white_1_reg_6293      |   1|   0|    1|          0|
    |ap_phi_reg_pp0_iter24_draw_white_2_reg_6228      |   1|   0|    1|          0|
    |ap_phi_reg_pp0_iter24_draw_white_3_reg_6404      |   1|   0|    1|          0|
    |ap_phi_reg_pp0_iter24_pixel_out_data_1_reg_6395  |  24|   0|   24|          0|
    |ap_phi_reg_pp0_iter24_pixel_out_data_2_reg_6479  |  24|   0|   24|          0|
    |ap_phi_reg_pp0_iter25_draw_white_1_reg_6293      |   1|   0|    1|          0|
    |ap_phi_reg_pp0_iter25_draw_white_2_reg_6228      |   1|   0|    1|          0|
    |ap_phi_reg_pp0_iter25_draw_white_3_reg_6404      |   1|   0|    1|          0|
    |ap_phi_reg_pp0_iter25_pixel_out_data_1_reg_6395  |  24|   0|   24|          0|
    |ap_phi_reg_pp0_iter25_pixel_out_data_2_reg_6479  |  24|   0|   24|          0|
    |ap_phi_reg_pp0_iter26_draw_white_1_reg_6293      |   1|   0|    1|          0|
    |ap_phi_reg_pp0_iter26_draw_white_2_reg_6228      |   1|   0|    1|          0|
    |ap_phi_reg_pp0_iter26_draw_white_3_reg_6404      |   1|   0|    1|          0|
    |ap_phi_reg_pp0_iter26_pixel_out_data_1_reg_6395  |  24|   0|   24|          0|
    |ap_phi_reg_pp0_iter26_pixel_out_data_2_reg_6479  |  24|   0|   24|          0|
    |ap_phi_reg_pp0_iter27_draw_white_2_reg_6228      |   1|   0|    1|          0|
    |ap_phi_reg_pp0_iter27_draw_white_3_reg_6404      |   1|   0|    1|          0|
    |ap_phi_reg_pp0_iter27_pixel_out_data_1_reg_6395  |  24|   0|   24|          0|
    |ap_phi_reg_pp0_iter27_pixel_out_data_2_reg_6479  |  24|   0|   24|          0|
    |ap_phi_reg_pp0_iter28_draw_white_3_reg_6404      |   1|   0|    1|          0|
    |ap_phi_reg_pp0_iter28_pixel_out_data_1_reg_6395  |  24|   0|   24|          0|
    |ap_phi_reg_pp0_iter28_pixel_out_data_2_reg_6479  |  24|   0|   24|          0|
    |ap_phi_reg_pp0_iter2_draw_white_1_reg_6293       |   1|   0|    1|          0|
    |ap_phi_reg_pp0_iter2_draw_white_2_reg_6228       |   1|   0|    1|          0|
    |ap_phi_reg_pp0_iter2_draw_white_3_reg_6404       |   1|   0|    1|          0|
    |ap_phi_reg_pp0_iter2_draw_white_reg_6279         |   1|   0|    1|          0|
    |ap_phi_reg_pp0_iter2_pixel_out_data_1_reg_6395   |  24|   0|   24|          0|
    |ap_phi_reg_pp0_iter2_pixel_out_data_2_reg_6479   |  24|   0|   24|          0|
    |ap_phi_reg_pp0_iter3_draw_white_1_reg_6293       |   1|   0|    1|          0|
    |ap_phi_reg_pp0_iter3_draw_white_2_reg_6228       |   1|   0|    1|          0|
    |ap_phi_reg_pp0_iter3_draw_white_3_reg_6404       |   1|   0|    1|          0|
    |ap_phi_reg_pp0_iter3_draw_white_reg_6279         |   1|   0|    1|          0|
    |ap_phi_reg_pp0_iter3_pixel_out_data_1_reg_6395   |  24|   0|   24|          0|
    |ap_phi_reg_pp0_iter3_pixel_out_data_2_reg_6479   |  24|   0|   24|          0|
    |ap_phi_reg_pp0_iter4_draw_white_1_reg_6293       |   1|   0|    1|          0|
    |ap_phi_reg_pp0_iter4_draw_white_2_reg_6228       |   1|   0|    1|          0|
    |ap_phi_reg_pp0_iter4_draw_white_3_reg_6404       |   1|   0|    1|          0|
    |ap_phi_reg_pp0_iter4_draw_white_reg_6279         |   1|   0|    1|          0|
    |ap_phi_reg_pp0_iter4_pixel_out_data_1_reg_6395   |  24|   0|   24|          0|
    |ap_phi_reg_pp0_iter4_pixel_out_data_2_reg_6479   |  24|   0|   24|          0|
    |ap_phi_reg_pp0_iter5_draw_white_1_reg_6293       |   1|   0|    1|          0|
    |ap_phi_reg_pp0_iter5_draw_white_2_reg_6228       |   1|   0|    1|          0|
    |ap_phi_reg_pp0_iter5_draw_white_3_reg_6404       |   1|   0|    1|          0|
    |ap_phi_reg_pp0_iter5_draw_white_reg_6279         |   1|   0|    1|          0|
    |ap_phi_reg_pp0_iter5_pixel_out_data_1_reg_6395   |  24|   0|   24|          0|
    |ap_phi_reg_pp0_iter5_pixel_out_data_2_reg_6479   |  24|   0|   24|          0|
    |ap_phi_reg_pp0_iter6_draw_white_1_reg_6293       |   1|   0|    1|          0|
    |ap_phi_reg_pp0_iter6_draw_white_2_reg_6228       |   1|   0|    1|          0|
    |ap_phi_reg_pp0_iter6_draw_white_3_reg_6404       |   1|   0|    1|          0|
    |ap_phi_reg_pp0_iter6_pixel_out_data_1_reg_6395   |  24|   0|   24|          0|
    |ap_phi_reg_pp0_iter6_pixel_out_data_2_reg_6479   |  24|   0|   24|          0|
    |ap_phi_reg_pp0_iter7_draw_white_1_reg_6293       |   1|   0|    1|          0|
    |ap_phi_reg_pp0_iter7_draw_white_2_reg_6228       |   1|   0|    1|          0|
    |ap_phi_reg_pp0_iter7_draw_white_3_reg_6404       |   1|   0|    1|          0|
    |ap_phi_reg_pp0_iter7_pixel_out_data_1_reg_6395   |  24|   0|   24|          0|
    |ap_phi_reg_pp0_iter7_pixel_out_data_2_reg_6479   |  24|   0|   24|          0|
    |ap_phi_reg_pp0_iter8_draw_white_1_reg_6293       |   1|   0|    1|          0|
    |ap_phi_reg_pp0_iter8_draw_white_2_reg_6228       |   1|   0|    1|          0|
    |ap_phi_reg_pp0_iter8_draw_white_3_reg_6404       |   1|   0|    1|          0|
    |ap_phi_reg_pp0_iter8_pixel_out_data_1_reg_6395   |  24|   0|   24|          0|
    |ap_phi_reg_pp0_iter8_pixel_out_data_2_reg_6479   |  24|   0|   24|          0|
    |ap_phi_reg_pp0_iter9_draw_white_1_reg_6293       |   1|   0|    1|          0|
    |ap_phi_reg_pp0_iter9_draw_white_2_reg_6228       |   1|   0|    1|          0|
    |ap_phi_reg_pp0_iter9_draw_white_3_reg_6404       |   1|   0|    1|          0|
    |ap_phi_reg_pp0_iter9_pixel_out_data_1_reg_6395   |  24|   0|   24|          0|
    |ap_phi_reg_pp0_iter9_pixel_out_data_2_reg_6479   |  24|   0|   24|          0|
    |ap_predicate_pred4725_state29                    |   1|   0|    1|          0|
    |ap_predicate_pred5533_state6                     |   1|   0|    1|          0|
    |char_col_1_reg_10506                             |  16|   0|   16|          0|
    |char_col_1_reg_10506_pp0_iter23_reg              |  16|   0|   16|          0|
    |char_col_2_reg_10567                             |  16|   0|   16|          0|
    |char_col_2_reg_10567_pp0_iter24_reg              |  16|   0|   16|          0|
    |char_col_3_reg_10533                             |  16|   0|   16|          0|
    |char_col_3_reg_10533_pp0_iter23_reg              |  16|   0|   16|          0|
    |char_col_reg_10476                               |  16|   0|   16|          0|
    |char_col_reg_10476_pp0_iter23_reg                |  16|   0|   16|          0|
    |char_row_1_reg_10257                             |  16|   0|   16|          0|
    |char_row_2_reg_10348                             |  16|   0|   16|          0|
    |char_row_3_reg_10280                             |  16|   0|   16|          0|
    |char_row_reg_10231                               |  16|   0|   16|          0|
    |draw_white_reg_6279                              |   1|   0|    1|          0|
    |empty_21_fu_516                                  |  16|   0|   16|          0|
    |empty_fu_512                                     |  16|   0|   16|          0|
    |icmp_ln293_1_reg_10306                           |   1|   0|    1|          0|
    |icmp_ln293_reg_10292                             |   1|   0|    1|          0|
    |icmp_ln293_reg_10292_pp0_iter3_reg               |   1|   0|    1|          0|
    |icmp_ln302_reg_10316                             |   1|   0|    1|          0|
    |icmp_ln304_reg_10391                             |   1|   0|    1|          0|
    |icmp_ln309_1_reg_10321                           |   1|   0|    1|          0|
    |icmp_ln315_reg_10401                             |   1|   0|    1|          0|
    |icmp_ln329_reg_10411                             |   1|   0|    1|          0|
    |icmp_ln343_reg_10461                             |   1|   0|    1|          0|
    |icmp_ln357_reg_10432                             |   1|   0|    1|          0|
    |id1_load_reg_11343                               |   7|   0|    7|          0|
    |id2_load_reg_11986                               |   7|   0|    7|          0|
    |name1_load_reg_10604                             |   7|   0|    7|          0|
    |name2_load_reg_12391                             |   7|   0|    7|          0|
    |or_ln302_reg_10387                               |   1|   0|    1|          0|
    |pixel_in_data_reg_10179                          |  24|   0|   24|          0|
    |pixel_in_dest_reg_10218                          |   1|   0|    1|          0|
    |pixel_in_id_reg_10213                            |   1|   0|    1|          0|
    |pixel_in_keep_reg_10186                          |   3|   0|    3|          0|
    |pixel_in_last_reg_10205                          |   1|   0|    1|          0|
    |pixel_in_strb_reg_10191                          |   3|   0|    3|          0|
    |pixel_in_user_reg_10196                          |   1|   0|    1|          0|
    |rel_col_1_reg_10341                              |  16|   0|   16|          0|
    |rel_col_2_reg_10420                              |  16|   0|   16|          0|
    |rel_col_3_reg_10376                              |  16|   0|   16|          0|
    |rel_col_reg_10330                                |  16|   0|   16|          0|
    |select_ln282_1_reg_10299                         |  16|   0|   16|          0|
    |select_ln282_reg_10223                           |  16|   0|   16|          0|
    |tmp_10_reg_12275                                 |   1|   0|    1|          0|
    |tmp_11_reg_12271                                 |   1|   0|    1|          0|
    |tmp_12_reg_12267                                 |   1|   0|    1|          0|
    |tmp_13_reg_12263                                 |   1|   0|    1|          0|
    |tmp_14_reg_12259                                 |   1|   0|    1|          0|
    |tmp_15_reg_12255                                 |   1|   0|    1|          0|
    |tmp_16_reg_12251                                 |   1|   0|    1|          0|
    |tmp_17_reg_12247                                 |   1|   0|    1|          0|
    |tmp_18_reg_12243                                 |   1|   0|    1|          0|
    |tmp_19_reg_12239                                 |   1|   0|    1|          0|
    |tmp_1_reg_12315                                  |   1|   0|    1|          0|
    |tmp_20_reg_12235                                 |   1|   0|    1|          0|
    |tmp_21_reg_12387                                 |   1|   0|    1|          0|
    |tmp_22_reg_12383                                 |   1|   0|    1|          0|
    |tmp_23_reg_12379                                 |   1|   0|    1|          0|
    |tmp_24_reg_12375                                 |   1|   0|    1|          0|
    |tmp_25_reg_12371                                 |   1|   0|    1|          0|
    |tmp_26_reg_12367                                 |   1|   0|    1|          0|
    |tmp_27_reg_12363                                 |   1|   0|    1|          0|
    |tmp_28_reg_12359                                 |   1|   0|    1|          0|
    |tmp_29_reg_12355                                 |   1|   0|    1|          0|
    |tmp_2_reg_12311                                  |   1|   0|    1|          0|
    |tmp_30_reg_12351                                 |   1|   0|    1|          0|
    |tmp_31_reg_12347                                 |   1|   0|    1|          0|
    |tmp_32_reg_12343                                 |   1|   0|    1|          0|
    |tmp_33_reg_12339                                 |   1|   0|    1|          0|
    |tmp_34_reg_12335                                 |   1|   0|    1|          0|
    |tmp_35_reg_12331                                 |   1|   0|    1|          0|
    |tmp_36_reg_12327                                 |   1|   0|    1|          0|
    |tmp_37_reg_12323                                 |   1|   0|    1|          0|
    |tmp_38_reg_12319                                 |   1|   0|    1|          0|
    |tmp_39_reg_13160                                 |   1|   0|    1|          0|
    |tmp_3_reg_12307                                  |   1|   0|    1|          0|
    |tmp_40_reg_13156                                 |   1|   0|    1|          0|
    |tmp_41_reg_13152                                 |   1|   0|    1|          0|
    |tmp_42_reg_13148                                 |   1|   0|    1|          0|
    |tmp_43_reg_13144                                 |   1|   0|    1|          0|
    |tmp_44_reg_13140                                 |   1|   0|    1|          0|
    |tmp_45_reg_13136                                 |   1|   0|    1|          0|
    |tmp_46_reg_13132                                 |   1|   0|    1|          0|
    |tmp_47_reg_13128                                 |   1|   0|    1|          0|
    |tmp_48_reg_13124                                 |   1|   0|    1|          0|
    |tmp_49_reg_13120                                 |   1|   0|    1|          0|
    |tmp_4_reg_12303                                  |   1|   0|    1|          0|
    |tmp_50_reg_13116                                 |   1|   0|    1|          0|
    |tmp_51_reg_13112                                 |   1|   0|    1|          0|
    |tmp_52_reg_13108                                 |   1|   0|    1|          0|
    |tmp_53_reg_13104                                 |   1|   0|    1|          0|
    |tmp_54_reg_13100                                 |   1|   0|    1|          0|
    |tmp_55_reg_13096                                 |   1|   0|    1|          0|
    |tmp_56_reg_13092                                 |   1|   0|    1|          0|
    |tmp_57_reg_13088                                 |   1|   0|    1|          0|
    |tmp_58_reg_13084                                 |   1|   0|    1|          0|
    |tmp_59_reg_13080                                 |   1|   0|    1|          0|
    |tmp_5_reg_12299                                  |   1|   0|    1|          0|
    |tmp_60_reg_13076                                 |   1|   0|    1|          0|
    |tmp_61_reg_13072                                 |   1|   0|    1|          0|
    |tmp_62_reg_13068                                 |   1|   0|    1|          0|
    |tmp_63_reg_13064                                 |   1|   0|    1|          0|
    |tmp_64_reg_13060                                 |   1|   0|    1|          0|
    |tmp_65_reg_10451                                 |  14|   0|   14|          0|
    |tmp_66_reg_10471                                 |  14|   0|   14|          0|
    |tmp_67_reg_10466                                 |  14|   0|   14|          0|
    |tmp_6_reg_12295                                  |   1|   0|    1|          0|
    |tmp_7_reg_12291                                  |   1|   0|    1|          0|
    |tmp_8_reg_12287                                  |   1|   0|    1|          0|
    |tmp_9_reg_12283                                  |   1|   0|    1|          0|
    |tmp_reg_10446                                    |  14|   0|   14|          0|
    |tmp_s_reg_12279                                  |   1|   0|    1|          0|
    |trunc_ln313_reg_10501                            |   3|   0|    3|          0|
    |trunc_ln327_reg_10528                            |   3|   0|    3|          0|
    |trunc_ln341_reg_10590                            |   3|   0|    3|          0|
    |trunc_ln355_reg_10544                            |   3|   0|    3|          0|
    |and_ln293_reg_10383                              |  64|  32|    1|          0|
    |and_ln301_reg_10312                              |  64|  32|    1|          0|
    |and_ln309_reg_10326                              |  64|  32|    1|          0|
    |and_ln315_reg_10549                              |  64|  32|    1|          0|
    |and_ln323_reg_10337                              |  64|  32|    1|          0|
    |and_ln329_reg_10558                              |  64|  32|    1|          0|
    |and_ln337_reg_10416                              |  64|  32|    1|          0|
    |and_ln343_reg_11977                              |  64|  32|    1|          0|
    |and_ln351_reg_10372                              |  64|  32|    1|          0|
    |and_ln357_reg_10595                              |  64|  32|    1|          0|
    |char_row_1_reg_10257                             |  64|  32|   16|          0|
    |char_row_2_reg_10348                             |  64|  32|   16|          0|
    |char_row_3_reg_10280                             |  64|  32|   16|          0|
    |char_row_reg_10231                               |  64|  32|   16|          0|
    |draw_white_reg_6279                              |  64|  32|    1|          0|
    |icmp_ln315_reg_10401                             |  64|  32|    1|          0|
    |icmp_ln329_reg_10411                             |  64|  32|    1|          0|
    |icmp_ln343_reg_10461                             |  64|  32|    1|          0|
    |icmp_ln357_reg_10432                             |  64|  32|    1|          0|
    |id1_load_reg_11343                               |  64|  32|    7|          0|
    |id2_load_reg_11986                               |  64|  32|    7|          0|
    |name1_load_reg_10604                             |  64|  32|    7|          0|
    |name2_load_reg_12391                             |  64|  32|    7|          0|
    |pixel_in_data_reg_10179                          |  64|  32|   24|          0|
    |pixel_in_dest_reg_10218                          |  64|  32|    1|          0|
    |pixel_in_id_reg_10213                            |  64|  32|    1|          0|
    |pixel_in_keep_reg_10186                          |  64|  32|    3|          0|
    |pixel_in_last_reg_10205                          |  64|  32|    1|          0|
    |pixel_in_strb_reg_10191                          |  64|  32|    3|          0|
    |pixel_in_user_reg_10196                          |  64|  32|    1|          0|
    |tmp_21_reg_12387                                 |  64|  32|    1|          0|
    |tmp_22_reg_12383                                 |  64|  32|    1|          0|
    |tmp_23_reg_12379                                 |  64|  32|    1|          0|
    |tmp_24_reg_12375                                 |  64|  32|    1|          0|
    |tmp_25_reg_12371                                 |  64|  32|    1|          0|
    |tmp_26_reg_12367                                 |  64|  32|    1|          0|
    |tmp_27_reg_12363                                 |  64|  32|    1|          0|
    |tmp_28_reg_12359                                 |  64|  32|    1|          0|
    |tmp_29_reg_12355                                 |  64|  32|    1|          0|
    |tmp_30_reg_12351                                 |  64|  32|    1|          0|
    |tmp_31_reg_12347                                 |  64|  32|    1|          0|
    |tmp_32_reg_12343                                 |  64|  32|    1|          0|
    |tmp_33_reg_12339                                 |  64|  32|    1|          0|
    |tmp_34_reg_12335                                 |  64|  32|    1|          0|
    |tmp_35_reg_12331                                 |  64|  32|    1|          0|
    |tmp_36_reg_12327                                 |  64|  32|    1|          0|
    |tmp_37_reg_12323                                 |  64|  32|    1|          0|
    |tmp_38_reg_12319                                 |  64|  32|    1|          0|
    |tmp_39_reg_13160                                 |  64|  32|    1|          0|
    |tmp_40_reg_13156                                 |  64|  32|    1|          0|
    |tmp_41_reg_13152                                 |  64|  32|    1|          0|
    |tmp_42_reg_13148                                 |  64|  32|    1|          0|
    |tmp_43_reg_13144                                 |  64|  32|    1|          0|
    |tmp_44_reg_13140                                 |  64|  32|    1|          0|
    |tmp_45_reg_13136                                 |  64|  32|    1|          0|
    |tmp_46_reg_13132                                 |  64|  32|    1|          0|
    |tmp_47_reg_13128                                 |  64|  32|    1|          0|
    |tmp_48_reg_13124                                 |  64|  32|    1|          0|
    |tmp_49_reg_13120                                 |  64|  32|    1|          0|
    |tmp_50_reg_13116                                 |  64|  32|    1|          0|
    |tmp_51_reg_13112                                 |  64|  32|    1|          0|
    |tmp_52_reg_13108                                 |  64|  32|    1|          0|
    |tmp_53_reg_13104                                 |  64|  32|    1|          0|
    |tmp_54_reg_13100                                 |  64|  32|    1|          0|
    |tmp_55_reg_13096                                 |  64|  32|    1|          0|
    |tmp_56_reg_13092                                 |  64|  32|    1|          0|
    |tmp_57_reg_13088                                 |  64|  32|    1|          0|
    |tmp_58_reg_13084                                 |  64|  32|    1|          0|
    |tmp_59_reg_13080                                 |  64|  32|    1|          0|
    |tmp_60_reg_13076                                 |  64|  32|    1|          0|
    |tmp_61_reg_13072                                 |  64|  32|    1|          0|
    |tmp_62_reg_13068                                 |  64|  32|    1|          0|
    |tmp_63_reg_13064                                 |  64|  32|    1|          0|
    |tmp_64_reg_13060                                 |  64|  32|    1|          0|
    |tmp_65_reg_10451                                 |  64|  32|   14|          0|
    |tmp_66_reg_10471                                 |  64|  32|   14|          0|
    |tmp_67_reg_10466                                 |  64|  32|   14|          0|
    |tmp_reg_10446                                    |  64|  32|   14|          0|
    +-------------------------------------------------+----+----+-----+-----------+
    |Total                                            |6993|2496| 2242|          0|
    +-------------------------------------------------+----+----+-----+-----------+



================================================================
== Interface
================================================================
* Summary: 
+--------------------+-----+-----+--------------+---------------------+--------------+
|      RTL Ports     | Dir | Bits|   Protocol   |    Source Object    |    C Type    |
+--------------------+-----+-----+--------------+---------------------+--------------+
|s_axi_CTRL_AWVALID  |   in|    1|         s_axi|                 CTRL|        scalar|
|s_axi_CTRL_AWREADY  |  out|    1|         s_axi|                 CTRL|        scalar|
|s_axi_CTRL_AWADDR   |   in|    6|         s_axi|                 CTRL|        scalar|
|s_axi_CTRL_WVALID   |   in|    1|         s_axi|                 CTRL|        scalar|
|s_axi_CTRL_WREADY   |  out|    1|         s_axi|                 CTRL|        scalar|
|s_axi_CTRL_WDATA    |   in|   32|         s_axi|                 CTRL|        scalar|
|s_axi_CTRL_WSTRB    |   in|    4|         s_axi|                 CTRL|        scalar|
|s_axi_CTRL_ARVALID  |   in|    1|         s_axi|                 CTRL|        scalar|
|s_axi_CTRL_ARREADY  |  out|    1|         s_axi|                 CTRL|        scalar|
|s_axi_CTRL_ARADDR   |   in|    6|         s_axi|                 CTRL|        scalar|
|s_axi_CTRL_RVALID   |  out|    1|         s_axi|                 CTRL|        scalar|
|s_axi_CTRL_RREADY   |   in|    1|         s_axi|                 CTRL|        scalar|
|s_axi_CTRL_RDATA    |  out|   32|         s_axi|                 CTRL|        scalar|
|s_axi_CTRL_RRESP    |  out|    2|         s_axi|                 CTRL|        scalar|
|s_axi_CTRL_BVALID   |  out|    1|         s_axi|                 CTRL|        scalar|
|s_axi_CTRL_BREADY   |   in|    1|         s_axi|                 CTRL|        scalar|
|s_axi_CTRL_BRESP    |  out|    2|         s_axi|                 CTRL|        scalar|
|ap_clk              |   in|    1|  ap_ctrl_none|         overlay_core|  return value|
|ap_rst_n            |   in|    1|  ap_ctrl_none|         overlay_core|  return value|
|stream_in_TDATA     |   in|   24|          axis|   stream_in_V_data_V|       pointer|
|stream_in_TVALID    |   in|    1|          axis|   stream_in_V_dest_V|       pointer|
|stream_in_TREADY    |  out|    1|          axis|   stream_in_V_dest_V|       pointer|
|stream_in_TDEST     |   in|    1|          axis|   stream_in_V_dest_V|       pointer|
|stream_in_TKEEP     |   in|    3|          axis|   stream_in_V_keep_V|       pointer|
|stream_in_TSTRB     |   in|    3|          axis|   stream_in_V_strb_V|       pointer|
|stream_in_TUSER     |   in|    1|          axis|   stream_in_V_user_V|       pointer|
|stream_in_TLAST     |   in|    1|          axis|   stream_in_V_last_V|       pointer|
|stream_in_TID       |   in|    1|          axis|     stream_in_V_id_V|       pointer|
|stream_out_TDATA    |  out|   24|          axis|  stream_out_V_data_V|       pointer|
|stream_out_TVALID   |  out|    1|          axis|  stream_out_V_dest_V|       pointer|
|stream_out_TREADY   |   in|    1|          axis|  stream_out_V_dest_V|       pointer|
|stream_out_TDEST    |  out|    1|          axis|  stream_out_V_dest_V|       pointer|
|stream_out_TKEEP    |  out|    3|          axis|  stream_out_V_keep_V|       pointer|
|stream_out_TSTRB    |  out|    3|          axis|  stream_out_V_strb_V|       pointer|
|stream_out_TUSER    |  out|    1|          axis|  stream_out_V_user_V|       pointer|
|stream_out_TLAST    |  out|    1|          axis|  stream_out_V_last_V|       pointer|
|stream_out_TID      |  out|    1|          axis|    stream_out_V_id_V|       pointer|
|enable              |   in|    1|       ap_none|               enable|        scalar|
+--------------------+-----+-----+--------------+---------------------+--------------+

