

================================================================
== Vitis HLS Report for 'overlay_core_Pipeline_LOOP_HEIGHT_LOOP_WIDTH'
================================================================
* Date:           Mon Apr 27 15:52:21 2026

* Version:        2024.1 (Build 5069499 on May 21 2024)
* Project:        hls_overlay_prj
* Solution:       solution1 (Vivado IP Flow Target)
* Product family: zynq
* Target device:  xc7z020-clg400-1


================================================================
== Performance Estimates
================================================================
+ Timing: 
    * Summary: 
    +--------+---------+----------+------------+
    |  Clock |  Target | Estimated| Uncertainty|
    +--------+---------+----------+------------+
    |ap_clk  |  6.67 ns|  6.547 ns|     1.80 ns|
    +--------+---------+----------+------------+

+ Latency: 
    * Summary: 
    +---------+------------+-----------+------------+-----+------------+-----------------------------------------------+
    |   Latency (cycles)   |   Latency (absolute)   |     Interval     |                    Pipeline                   |
    |   min   |     max    |    min    |     max    | min |     max    |                      Type                     |
    +---------+------------+-----------+------------+-----+------------+-----------------------------------------------+
    |        2|  4294836230|  13.334 ns|  28.634 sec|    1|  4294836226|  loop auto-rewind stp(delay=0 clock cycles(s))|
    +---------+------------+-----------+------------+-----+------------+-----------------------------------------------+

    + Detail: 
        * Instance: 
        N/A

        * Loop: 
        +--------------------------+---------+------------+----------+-----------+-----------+----------------+----------+
        |                          |   Latency (cycles)   | Iteration|  Initiation Interval  |      Trip      |          |
        |         Loop Name        |   min   |     max    |  Latency |  achieved |   target  |      Count     | Pipelined|
        +--------------------------+---------+------------+----------+-----------+-----------+----------------+----------+
        |- LOOP_HEIGHT_LOOP_WIDTH  |        0|  4294836228|         5|          1|          1|  0 ~ 4294836225|       yes|
        +--------------------------+---------+------------+----------+-----------+-----------+----------------+----------+



================================================================
== Utilization Estimates
================================================================
* Summary: 
+-----------------+---------+-----+--------+-------+-----+
|       Name      | BRAM_18K| DSP |   FF   |  LUT  | URAM|
+-----------------+---------+-----+--------+-------+-----+
|DSP              |        -|    -|       -|      -|    -|
|Expression       |        -|    -|       0|   1241|    -|
|FIFO             |        -|    -|       -|      -|    -|
|Instance         |        -|    -|       -|      -|    -|
|Memory           |        0|    -|      50|      7|    -|
|Multiplexer      |        -|    -|       0|     72|    -|
|Register         |        -|    -|     724|    224|    -|
+-----------------+---------+-----+--------+-------+-----+
|Total            |        0|    0|     774|   1544|    0|
+-----------------+---------+-----+--------+-------+-----+
|Available        |      280|  220|  106400|  53200|    0|
+-----------------+---------+-----+--------+-------+-----+
|Utilization (%)  |        0|    0|      ~0|      2|    0|
+-----------------+---------+-----+--------+-------+-----+

+ Detail: 
    * Instance: 
    N/A

    * DSP: 
    N/A

    * Memory: 
    +---------------------+----------------------------------------------------------------------------+---------+----+----+-----+------+-----+------+-------------+
    |        Memory       |                                   Module                                   | BRAM_18K| FF | LUT| URAM| Words| Bits| Banks| W*Bits*Banks|
    +---------------------+----------------------------------------------------------------------------+---------+----+----+-----+------+-----+------+-------------+
    |p_ZL8font_5x7_0_0_U  |overlay_core_Pipeline_LOOP_HEIGHT_LOOP_WIDTH_p_ZL8font_5x7_0_0_ROM_AUTO_1R  |        0|   6|   1|    0|     5|    6|     1|           30|
    |p_ZL8font_5x7_1_3_U  |overlay_core_Pipeline_LOOP_HEIGHT_LOOP_WIDTH_p_ZL8font_5x7_1_3_ROM_AUTO_1R  |        0|   2|   1|    0|     5|    2|     1|           10|
    |p_ZL8font_5x7_2_0_U  |overlay_core_Pipeline_LOOP_HEIGHT_LOOP_WIDTH_p_ZL8font_5x7_2_0_ROM_AUTO_1R  |        0|   7|   1|    0|     5|    7|     1|           35|
    |p_ZL8font_5x7_2_1_U  |overlay_core_Pipeline_LOOP_HEIGHT_LOOP_WIDTH_p_ZL8font_5x7_2_1_ROM_AUTO_1R  |        0|  14|   1|    0|     5|    7|     1|           35|
    |p_ZL8font_5x7_3_3_U  |overlay_core_Pipeline_LOOP_HEIGHT_LOOP_WIDTH_p_ZL8font_5x7_3_3_ROM_AUTO_1R  |        0|   7|   1|    0|     5|    7|     1|           35|
    |p_ZL8font_5x7_4_1_U  |overlay_core_Pipeline_LOOP_HEIGHT_LOOP_WIDTH_p_ZL8font_5x7_4_1_ROM_AUTO_1R  |        0|   7|   1|    0|     5|    7|     1|           35|
    |p_ZL8font_5x7_5_2_U  |overlay_core_Pipeline_LOOP_HEIGHT_LOOP_WIDTH_p_ZL8font_5x7_5_2_ROM_AUTO_1R  |        0|   7|   1|    0|     5|    7|     1|           35|
    +---------------------+----------------------------------------------------------------------------+---------+----+----+-----+------+-----+------+-------------+
    |Total                |                                                                            |        0|  50|   7|    0|    35|   43|     7|          215|
    +---------------------+----------------------------------------------------------------------------+---------+----+----+-----+------+-----+------+-------------+

    * FIFO: 
    N/A

    * Expression: 
    +----------------------------------+----------+----+---+-----+------------+------------+
    |           Variable Name          | Operation| DSP| FF| LUT | Bitwidth P0| Bitwidth P1|
    +----------------------------------+----------+----+---+-----+------------+------------+
    |add_ln105_1_fu_513_p2             |         +|   0|  0|   23|          16|           1|
    |add_ln105_fu_443_p2               |         +|   0|  0|   39|          32|           1|
    |add_ln106_fu_527_p2               |         +|   0|  0|   23|          16|           1|
    |rel_x_3_fu_678_p2                 |         +|   0|  0|   16|          16|          16|
    |rel_x_4_fu_693_p2                 |         +|   0|  0|   16|          16|          16|
    |rel_y_1_fu_570_p2                 |         +|   0|  0|   23|          16|          16|
    |rel_y_fu_556_p2                   |         +|   0|  0|   23|          16|          16|
    |char_x_4_fu_673_p2                |         -|   0|  0|   16|           6|          16|
    |char_x_5_fu_688_p2                |         -|   0|  0|   16|           6|          16|
    |rel_x_1_fu_641_p2                 |         -|   0|  0|   23|          16|          16|
    |rel_x_2_fu_657_p2                 |         -|   0|  0|   23|          16|          16|
    |rel_x_fu_625_p2                   |         -|   0|  0|   23|          16|          16|
    |and_ln122_1_fu_619_p2             |       and|   0|  0|    2|           1|           1|
    |and_ln122_2_fu_613_p2             |       and|   0|  0|    2|           1|           1|
    |and_ln122_fu_607_p2               |       and|   0|  0|    2|           1|           1|
    |and_ln52_10_fu_959_p2             |       and|   0|  0|    2|           1|           1|
    |and_ln52_11_fu_971_p2             |       and|   0|  0|    2|           1|           1|
    |and_ln52_12_fu_982_p2             |       and|   0|  0|    2|           1|           1|
    |and_ln52_13_fu_1011_p2            |       and|   0|  0|    2|           1|           1|
    |and_ln52_15_fu_1050_p2            |       and|   0|  0|    2|           1|           1|
    |and_ln52_16_fu_1062_p2            |       and|   0|  0|    2|           1|           1|
    |and_ln52_17_fu_1073_p2            |       and|   0|  0|    2|           1|           1|
    |and_ln52_1_fu_745_p2              |       and|   0|  0|    7|           7|           7|
    |and_ln52_2_fu_913_p2              |       and|   0|  0|    7|           7|           7|
    |and_ln52_3_fu_756_p2              |       and|   0|  0|    7|           7|           7|
    |and_ln52_4_fu_767_p2              |       and|   0|  0|    7|           7|           7|
    |and_ln52_5_fu_1026_p2             |       and|   0|  0|    7|           7|           7|
    |and_ln52_6_fu_801_p2              |       and|   0|  0|    7|           7|           7|
    |and_ln52_7_fu_811_p2              |       and|   0|  0|    7|           7|           7|
    |and_ln52_8_fu_931_p2              |       and|   0|  0|    2|           1|           1|
    |and_ln52_9_fu_942_p2              |       and|   0|  0|    2|           1|           1|
    |and_ln52_fu_739_p2                |       and|   0|  0|    7|           7|           7|
    |ap_block_state1_pp0_stage0_iter0  |       and|   0|  0|    2|           1|           1|
    |draw_pixel_1_fu_1090_p2           |       and|   0|  0|    2|           1|           1|
    |draw_pixel_fu_1016_p2             |       and|   0|  0|    2|           1|           1|
    |spec_select1222_fu_839_p2         |       and|   0|  0|    2|           1|           1|
    |cmp_i112_fu_565_p2                |      icmp|   0|  0|   24|          17|          17|
    |cmp_i435_fu_551_p2                |      icmp|   0|  0|   24|          17|          17|
    |cmp_i_i17_i_i319_not_fu_729_p2    |      icmp|   0|  0|   23|          16|           3|
    |cmp_i_i17_i_i_not_fu_734_p2       |      icmp|   0|  0|   23|          16|           3|
    |icmp_ln105_fu_437_p2              |      icmp|   0|  0|   39|          32|          32|
    |icmp_ln106_fu_500_p2              |      icmp|   0|  0|   23|          16|          16|
    |icmp_ln123_1_fu_602_p2            |      icmp|   0|  0|   24|          17|          17|
    |icmp_ln123_fu_589_p2              |      icmp|   0|  0|   23|          16|          16|
    |icmp_ln49_1_fu_645_p2             |      icmp|   0|  0|   23|          16|           3|
    |icmp_ln49_2_fu_661_p2             |      icmp|   0|  0|   23|          16|           3|
    |icmp_ln49_3_fu_751_p2             |      icmp|   0|  0|   23|          16|           3|
    |icmp_ln49_4_fu_762_p2             |      icmp|   0|  0|   23|          16|           3|
    |icmp_ln49_fu_629_p2               |      icmp|   0|  0|   23|          16|           3|
    |icmp_ln52_1_fu_779_p2             |      icmp|   0|  0|   14|           7|           1|
    |icmp_ln52_2_fu_953_p2             |      icmp|   0|  0|   14|           7|           1|
    |icmp_ln52_3_fu_785_p2             |      icmp|   0|  0|   14|           7|           1|
    |icmp_ln52_4_fu_791_p2             |      icmp|   0|  0|   14|           7|           1|
    |icmp_ln52_5_fu_1044_p2            |      icmp|   0|  0|   14|           7|           1|
    |icmp_ln52_6_fu_817_p2             |      icmp|   0|  0|   14|           7|           1|
    |icmp_ln52_7_fu_823_p2             |      icmp|   0|  0|   14|           7|           1|
    |icmp_ln52_fu_773_p2               |      icmp|   0|  0|   14|           7|           1|
    |notrhs_fu_584_p2                  |      icmp|   0|  0|   24|          17|          17|
    |ult39_fu_560_p2                   |      icmp|   0|  0|   24|          17|          17|
    |ult41_fu_574_p2                   |      icmp|   0|  0|   23|          16|          16|
    |ult_fu_546_p2                     |      icmp|   0|  0|   24|          17|          17|
    |ap_block_pp0_stage0_01001         |        or|   0|  0|    2|           1|           1|
    |ap_block_pp0_stage0_11001         |        or|   0|  0|    2|           1|           1|
    |draw_pixel_2_fu_1096_p2           |        or|   0|  0|    2|           1|           1|
    |empty_20_fu_1084_p2               |        or|   0|  0|    2|           1|           1|
    |or_ln49_1_fu_905_p2               |        or|   0|  0|    2|           1|           1|
    |or_ln49_2_fu_909_p2               |        or|   0|  0|    2|           1|           1|
    |or_ln49_3_fu_917_p2               |        or|   0|  0|    2|           1|           1|
    |or_ln49_4_fu_921_p2               |        or|   0|  0|    2|           1|           1|
    |or_ln49_5_fu_1022_p2              |        or|   0|  0|    2|           1|           1|
    |or_ln49_6_fu_1030_p2              |        or|   0|  0|    2|           1|           1|
    |or_ln49_7_fu_1034_p2              |        or|   0|  0|    2|           1|           1|
    |or_ln49_fu_901_p2                 |        or|   0|  0|    2|           1|           1|
    |or_ln52_1_fu_993_p2               |        or|   0|  0|    2|           1|           1|
    |or_ln52_2_fu_999_p2               |        or|   0|  0|    2|           1|           1|
    |or_ln52_3_fu_1005_p2              |        or|   0|  0|    2|           1|           1|
    |or_ln52_4_fu_1078_p2              |        or|   0|  0|    2|           1|           1|
    |or_ln52_fu_987_p2                 |        or|   0|  0|    2|           1|           1|
    |b_2_fu_1138_p3                    |    select|   0|  0|    8|           1|           8|
    |b_3_fu_895_p3                     |    select|   0|  0|    8|           1|           8|
    |b_4_fu_1118_p3                    |    select|   0|  0|    8|           1|           2|
    |g_2_fu_1132_p3                    |    select|   0|  0|    8|           1|           8|
    |g_3_fu_1110_p3                    |    select|   0|  0|    8|           1|           2|
    |r_2_fu_1126_p3                    |    select|   0|  0|    8|           1|           8|
    |r_3_fu_1102_p3                    |    select|   0|  0|    8|           1|           2|
    |select_ln105_1_fu_519_p3          |    select|   0|  0|   16|           1|          16|
    |select_ln105_fu_505_p3            |    select|   0|  0|   16|           1|           1|
    |select_ln122_1_fu_889_p3          |    select|   0|  0|    8|           1|           8|
    |select_ln122_fu_883_p3            |    select|   0|  0|    8|           1|           8|
    |shl_i_i328_fu_706_p2              |       shl|   0|  0|  100|           1|          32|
    |shl_i_i_fu_719_p2                 |       shl|   0|  0|  100|           1|          32|
    |ap_enable_pp0                     |       xor|   0|  0|    2|           1|           2|
    |rev40_fu_834_p2                   |       xor|   0|  0|    2|           1|           2|
    |rev42_fu_578_p2                   |       xor|   0|  0|    2|           1|           2|
    |rev_fu_829_p2                     |       xor|   0|  0|    2|           1|           2|
    |xor_ln123_fu_593_p2               |       xor|   0|  0|    2|           1|           2|
    |xor_ln49_1_fu_936_p2              |       xor|   0|  0|    2|           1|           2|
    |xor_ln49_2_fu_947_p2              |       xor|   0|  0|    2|           1|           2|
    |xor_ln49_3_fu_965_p2              |       xor|   0|  0|    2|           1|           2|
    |xor_ln49_4_fu_976_p2              |       xor|   0|  0|    2|           1|           2|
    |xor_ln49_5_fu_1038_p2             |       xor|   0|  0|    2|           1|           2|
    |xor_ln49_6_fu_1056_p2             |       xor|   0|  0|    2|           1|           2|
    |xor_ln49_7_fu_1067_p2             |       xor|   0|  0|    2|           1|           2|
    |xor_ln49_fu_925_p2                |       xor|   0|  0|    2|           1|           2|
    +----------------------------------+----------+----+---+-----+------------+------------+
    |Total                             |          |   0|  0| 1241|         653|         608|
    +----------------------------------+----------+----+---+-----+------------+------------+

    * Multiplexer: 
    +--------------------------------------+----+-----------+-----+-----------+
    |                 Name                 | LUT| Input Size| Bits| Total Bits|
    +--------------------------------------+----+-----------+-----+-----------+
    |ap_done_int                           |   9|          2|    1|          2|
    |ap_enable_reg_pp0_iter1               |   9|          2|    1|          2|
    |ap_sig_allocacmp_indvar_flatten_load  |   9|          2|   32|         64|
    |indvar_flatten_fu_170                 |   9|          2|   32|         64|
    |pixel_x_fu_162                        |   9|          2|   16|         32|
    |row_fu_166                            |   9|          2|   16|         32|
    |stream_in_TDATA_blk_n                 |   9|          2|    1|          2|
    |stream_out_TDATA_blk_n                |   9|          2|    1|          2|
    +--------------------------------------+----+-----------+-----+-----------+
    |Total                                 |  72|         16|  100|        200|
    +--------------------------------------+----+-----------+-----+-----------+

    * Register: 
    +------------------------------------+----+----+-----+-----------+
    |                Name                | FF | LUT| Bits| Const Bits|
    +------------------------------------+----+----+-----+-----------+
    |and_ln122_1_reg_1350                |   1|   0|    1|          0|
    |and_ln122_1_reg_1350_pp0_iter3_reg  |   1|   0|    1|          0|
    |ap_CS_fsm                           |   1|   0|    1|          0|
    |ap_done_reg                         |   1|   0|    1|          0|
    |ap_enable_reg_pp0_iter1             |   1|   0|    1|          0|
    |ap_enable_reg_pp0_iter2             |   1|   0|    1|          0|
    |ap_enable_reg_pp0_iter3             |   1|   0|    1|          0|
    |ap_enable_reg_pp0_iter4             |   1|   0|    1|          0|
    |ap_loop_exit_ready_pp0_iter1_reg    |   1|   0|    1|          0|
    |ap_loop_exit_ready_pp0_iter2_reg    |   1|   0|    1|          0|
    |ap_loop_exit_ready_pp0_iter3_reg    |   1|   0|    1|          0|
    |b_reg_1293                          |   8|   0|    8|          0|
    |cmp_i112_reg_1339                   |   1|   0|    1|          0|
    |cmp_i112_reg_1339_pp0_iter3_reg     |   1|   0|    1|          0|
    |cmp_i435_reg_1323                   |   1|   0|    1|          0|
    |cmp_i435_reg_1323_pp0_iter3_reg     |   1|   0|    1|          0|
    |cmp_i_i17_i_i319_not_reg_1435       |   1|   0|    1|          0|
    |cmp_i_i17_i_i_not_reg_1444          |   1|   0|    1|          0|
    |col_2_reg_1451                      |   7|   0|    7|          0|
    |col_5_reg_1486                      |   7|   0|    7|          0|
    |empty_18_reg_1430                   |   7|   0|    7|          0|
    |empty_reg_1425                      |   7|   0|    7|          0|
    |g_reg_1287                          |   8|   0|    8|          0|
    |icmp_ln49_1_reg_1368                |   1|   0|    1|          0|
    |icmp_ln49_1_reg_1368_pp0_iter3_reg  |   1|   0|    1|          0|
    |icmp_ln49_2_reg_1379                |   1|   0|    1|          0|
    |icmp_ln49_2_reg_1379_pp0_iter3_reg  |   1|   0|    1|          0|
    |icmp_ln49_3_reg_1456                |   1|   0|    1|          0|
    |icmp_ln49_4_reg_1461                |   1|   0|    1|          0|
    |icmp_ln49_reg_1357                  |   1|   0|    1|          0|
    |icmp_ln49_reg_1357_pp0_iter3_reg    |   1|   0|    1|          0|
    |icmp_ln52_1_reg_1471                |   1|   0|    1|          0|
    |icmp_ln52_3_reg_1476                |   1|   0|    1|          0|
    |icmp_ln52_4_reg_1481                |   1|   0|    1|          0|
    |icmp_ln52_6_reg_1491                |   1|   0|    1|          0|
    |icmp_ln52_7_reg_1496                |   1|   0|    1|          0|
    |icmp_ln52_reg_1466                  |   1|   0|    1|          0|
    |indvar_flatten_fu_170               |  32|   0|   32|          0|
    |pixel_in_data_reg_1259              |  24|   0|   24|          0|
    |pixel_in_keep_reg_1266              |   3|   0|    3|          0|
    |pixel_in_last_reg_1276              |   1|   0|    1|          0|
    |pixel_in_user_reg_1271              |   1|   0|    1|          0|
    |pixel_x_fu_162                      |  16|   0|   16|          0|
    |r_reg_1281                          |   8|   0|    8|          0|
    |rel_x_3_reg_1390                    |  16|   0|   16|          0|
    |rel_x_4_reg_1400                    |  16|   0|   16|          0|
    |rel_y_1_reg_1344                    |  16|   0|   16|          0|
    |rel_y_reg_1328                      |  16|   0|   16|          0|
    |row_fu_166                          |  16|   0|   16|          0|
    |select_ln105_1_reg_1310             |  16|   0|   16|          0|
    |select_ln105_reg_1299               |  16|   0|   16|          0|
    |ult39_reg_1334                      |   1|   0|    1|          0|
    |ult39_reg_1334_pp0_iter3_reg        |   1|   0|    1|          0|
    |ult_reg_1318                        |   1|   0|    1|          0|
    |ult_reg_1318_pp0_iter3_reg          |   1|   0|    1|          0|
    |b_reg_1293                          |  64|  32|    8|          0|
    |g_reg_1287                          |  64|  32|    8|          0|
    |pixel_in_data_reg_1259              |  64|  32|   24|          0|
    |pixel_in_keep_reg_1266              |  64|  32|    3|          0|
    |pixel_in_last_reg_1276              |  64|  32|    1|          0|
    |pixel_in_user_reg_1271              |  64|  32|    1|          0|
    |r_reg_1281                          |  64|  32|    8|          0|
    +------------------------------------+----+----+-----+-----------+
    |Total                               | 724| 224|  329|          0|
    +------------------------------------+----+----+-----+-----------+



================================================================
== Interface
================================================================
* Summary: 
+-------------------+-----+-----+------------+----------------------------------------------+--------------+
|     RTL Ports     | Dir | Bits|  Protocol  |                 Source Object                |    C Type    |
+-------------------+-----+-----+------------+----------------------------------------------+--------------+
|ap_clk             |   in|    1|  ap_ctrl_hs|  overlay_core_Pipeline_LOOP_HEIGHT_LOOP_WIDTH|  return value|
|ap_rst             |   in|    1|  ap_ctrl_hs|  overlay_core_Pipeline_LOOP_HEIGHT_LOOP_WIDTH|  return value|
|ap_start           |   in|    1|  ap_ctrl_hs|  overlay_core_Pipeline_LOOP_HEIGHT_LOOP_WIDTH|  return value|
|ap_done            |  out|    1|  ap_ctrl_hs|  overlay_core_Pipeline_LOOP_HEIGHT_LOOP_WIDTH|  return value|
|ap_idle            |  out|    1|  ap_ctrl_hs|  overlay_core_Pipeline_LOOP_HEIGHT_LOOP_WIDTH|  return value|
|ap_ready           |  out|    1|  ap_ctrl_hs|  overlay_core_Pipeline_LOOP_HEIGHT_LOOP_WIDTH|  return value|
|stream_in_TVALID   |   in|    1|        axis|                            stream_in_V_data_V|       pointer|
|stream_in_TDATA    |   in|   24|        axis|                            stream_in_V_data_V|       pointer|
|stream_out_TREADY  |   in|    1|        axis|                           stream_out_V_data_V|       pointer|
|stream_out_TDATA   |  out|   24|        axis|                           stream_out_V_data_V|       pointer|
|mul_ln74           |   in|   32|     ap_none|                                      mul_ln74|        scalar|
|width              |   in|   16|     ap_none|                                         width|        scalar|
|add_i_i486         |   in|   17|     ap_none|                                    add_i_i486|        scalar|
|add_i_i458         |   in|   17|     ap_none|                                    add_i_i458|        scalar|
|y                  |   in|   16|     ap_none|                                             y|        scalar|
|add_i_i163         |   in|   17|     ap_none|                                    add_i_i163|        scalar|
|add_i_i135         |   in|   17|     ap_none|                                    add_i_i135|        scalar|
|y_1                |   in|   16|     ap_none|                                           y_1|        scalar|
|y_pos              |   in|   16|     ap_none|                                         y_pos|        scalar|
|add_i_i564         |   in|   17|     ap_none|                                    add_i_i564|        scalar|
|stream_in_TREADY   |  out|    1|        axis|                            stream_in_V_dest_V|       pointer|
|stream_in_TDEST    |   in|    1|        axis|                            stream_in_V_dest_V|       pointer|
|stream_in_TKEEP    |   in|    3|        axis|                            stream_in_V_keep_V|       pointer|
|stream_in_TSTRB    |   in|    3|        axis|                            stream_in_V_strb_V|       pointer|
|stream_in_TUSER    |   in|    1|        axis|                            stream_in_V_user_V|       pointer|
|stream_in_TLAST    |   in|    1|        axis|                            stream_in_V_last_V|       pointer|
|stream_in_TID      |   in|    1|        axis|                              stream_in_V_id_V|       pointer|
|x_pos              |   in|   16|     ap_none|                                         x_pos|        scalar|
|add_i_i533         |   in|   17|     ap_none|                                    add_i_i533|        scalar|
|start_x            |   in|   16|     ap_none|                                       start_x|        scalar|
|char_x             |   in|   16|     ap_none|                                        char_x|        scalar|
|char_x_2           |   in|   16|     ap_none|                                      char_x_2|        scalar|
|enable             |   in|    1|     ap_none|                                        enable|        scalar|
|stream_out_TVALID  |  out|    1|        axis|                           stream_out_V_dest_V|       pointer|
|stream_out_TDEST   |  out|    1|        axis|                           stream_out_V_dest_V|       pointer|
|stream_out_TKEEP   |  out|    3|        axis|                           stream_out_V_keep_V|       pointer|
|stream_out_TSTRB   |  out|    3|        axis|                           stream_out_V_strb_V|       pointer|
|stream_out_TUSER   |  out|    1|        axis|                           stream_out_V_user_V|       pointer|
|stream_out_TLAST   |  out|    1|        axis|                           stream_out_V_last_V|       pointer|
|stream_out_TID     |  out|    1|        axis|                             stream_out_V_id_V|       pointer|
+-------------------+-----+-----+------------+----------------------------------------------+--------------+

